Archive member included to satisfy reference by file (symbol)

/usr/local/Cellar/arm-none-eabi-gcc/10.3-2021.07/gcc/bin/../lib/gcc/arm-none-eabi/10.3.1/thumb/v6-m/nofp/libgcc.a(_dvmd_tls.o)
                              CMakeFiles/ultrasonictest.dir/Users/frankenteddy/pico/pico-sdk/src/rp2_common/pico_divider/divider.S.obj (__aeabi_idiv0)
/usr/local/Cellar/arm-none-eabi-gcc/10.3-2021.07/gcc/bin/../lib/gcc/arm-none-eabi/10.3.1/../../../../arm-none-eabi/lib/thumb/v6-m/nofp/libc.a(lib_a-calloc.o)
                              CMakeFiles/ultrasonictest.dir/Users/frankenteddy/pico/pico-sdk/src/rp2_common/pico_malloc/pico_malloc.c.obj (calloc)
/usr/local/Cellar/arm-none-eabi-gcc/10.3-2021.07/gcc/bin/../lib/gcc/arm-none-eabi/10.3.1/../../../../arm-none-eabi/lib/thumb/v6-m/nofp/libc.a(lib_a-callocr.o)
                              /usr/local/Cellar/arm-none-eabi-gcc/10.3-2021.07/gcc/bin/../lib/gcc/arm-none-eabi/10.3.1/../../../../arm-none-eabi/lib/thumb/v6-m/nofp/libc.a(lib_a-calloc.o) (_calloc_r)
/usr/local/Cellar/arm-none-eabi-gcc/10.3-2021.07/gcc/bin/../lib/gcc/arm-none-eabi/10.3.1/../../../../arm-none-eabi/lib/thumb/v6-m/nofp/libc.a(lib_a-errno.o)
                              /usr/local/Cellar/arm-none-eabi-gcc/10.3-2021.07/gcc/bin/../lib/gcc/arm-none-eabi/10.3.1/../../../../arm-none-eabi/lib/thumb/v6-m/nofp/libc.a(lib_a-callocr.o) (__errno)
/usr/local/Cellar/arm-none-eabi-gcc/10.3-2021.07/gcc/bin/../lib/gcc/arm-none-eabi/10.3.1/../../../../arm-none-eabi/lib/thumb/v6-m/nofp/libc.a(lib_a-impure.o)
                              /usr/local/Cellar/arm-none-eabi-gcc/10.3-2021.07/gcc/bin/../lib/gcc/arm-none-eabi/10.3.1/../../../../arm-none-eabi/lib/thumb/v6-m/nofp/libc.a(lib_a-calloc.o) (_impure_ptr)
/usr/local/Cellar/arm-none-eabi-gcc/10.3-2021.07/gcc/bin/../lib/gcc/arm-none-eabi/10.3.1/../../../../arm-none-eabi/lib/thumb/v6-m/nofp/libc.a(lib_a-init.o)
                              /usr/local/Cellar/arm-none-eabi-gcc/10.3-2021.07/gcc/bin/../lib/gcc/arm-none-eabi/10.3.1/../../../../arm-none-eabi/lib/thumb/v6-m/nofp/crt0.o (__libc_init_array)
/usr/local/Cellar/arm-none-eabi-gcc/10.3-2021.07/gcc/bin/../lib/gcc/arm-none-eabi/10.3.1/../../../../arm-none-eabi/lib/thumb/v6-m/nofp/libc.a(lib_a-malloc.o)
                              CMakeFiles/ultrasonictest.dir/Users/frankenteddy/pico/pico-sdk/src/rp2_common/pico_malloc/pico_malloc.c.obj (malloc)
/usr/local/Cellar/arm-none-eabi-gcc/10.3-2021.07/gcc/bin/../lib/gcc/arm-none-eabi/10.3.1/../../../../arm-none-eabi/lib/thumb/v6-m/nofp/libc.a(lib_a-mallocr.o)
                              /usr/local/Cellar/arm-none-eabi-gcc/10.3-2021.07/gcc/bin/../lib/gcc/arm-none-eabi/10.3.1/../../../../arm-none-eabi/lib/thumb/v6-m/nofp/libc.a(lib_a-callocr.o) (_malloc_r)
/usr/local/Cellar/arm-none-eabi-gcc/10.3-2021.07/gcc/bin/../lib/gcc/arm-none-eabi/10.3.1/../../../../arm-none-eabi/lib/thumb/v6-m/nofp/libc.a(lib_a-mlock.o)
                              /usr/local/Cellar/arm-none-eabi-gcc/10.3-2021.07/gcc/bin/../lib/gcc/arm-none-eabi/10.3.1/../../../../arm-none-eabi/lib/thumb/v6-m/nofp/libc.a(lib_a-mallocr.o) (__malloc_lock)
/usr/local/Cellar/arm-none-eabi-gcc/10.3-2021.07/gcc/bin/../lib/gcc/arm-none-eabi/10.3.1/../../../../arm-none-eabi/lib/thumb/v6-m/nofp/libc.a(lib_a-realloc.o)
                              CMakeFiles/ultrasonictest.dir/Users/frankenteddy/pico/pico-sdk/src/rp2_common/pico_malloc/pico_malloc.c.obj (realloc)
/usr/local/Cellar/arm-none-eabi-gcc/10.3-2021.07/gcc/bin/../lib/gcc/arm-none-eabi/10.3.1/../../../../arm-none-eabi/lib/thumb/v6-m/nofp/libc.a(lib_a-reallocr.o)
                              /usr/local/Cellar/arm-none-eabi-gcc/10.3-2021.07/gcc/bin/../lib/gcc/arm-none-eabi/10.3.1/../../../../arm-none-eabi/lib/thumb/v6-m/nofp/libc.a(lib_a-realloc.o) (_realloc_r)
/usr/local/Cellar/arm-none-eabi-gcc/10.3-2021.07/gcc/bin/../lib/gcc/arm-none-eabi/10.3.1/../../../../arm-none-eabi/lib/thumb/v6-m/nofp/libc.a(lib_a-sbrkr.o)
                              /usr/local/Cellar/arm-none-eabi-gcc/10.3-2021.07/gcc/bin/../lib/gcc/arm-none-eabi/10.3.1/../../../../arm-none-eabi/lib/thumb/v6-m/nofp/libc.a(lib_a-mallocr.o) (_sbrk_r)
/usr/local/Cellar/arm-none-eabi-gcc/10.3-2021.07/gcc/bin/../lib/gcc/arm-none-eabi/10.3.1/../../../../arm-none-eabi/lib/thumb/v6-m/nofp/libc.a(lib_a-strlen-stub.o)
                              CMakeFiles/ultrasonictest.dir/Users/frankenteddy/pico/pico-sdk/src/rp2_common/pico_stdio/stdio.c.obj (strlen)
/usr/local/Cellar/arm-none-eabi-gcc/10.3-2021.07/gcc/bin/../lib/gcc/arm-none-eabi/10.3.1/../../../../arm-none-eabi/lib/thumb/v6-m/nofp/libc.a(lib_a-freer.o)
                              /usr/local/Cellar/arm-none-eabi-gcc/10.3-2021.07/gcc/bin/../lib/gcc/arm-none-eabi/10.3.1/../../../../arm-none-eabi/lib/thumb/v6-m/nofp/libc.a(lib_a-malloc.o) (_free_r)
/usr/local/Cellar/arm-none-eabi-gcc/10.3-2021.07/gcc/bin/../lib/gcc/arm-none-eabi/10.3.1/../../../../arm-none-eabi/lib/thumb/v6-m/nofp/libc.a(lib_a-lock.o)
[...]
Memory Configuration

Name             Origin             Length             Attributes
FLASH            0x0000000010000000 0x0000000000200000 xr
RAM              0x0000000020000000 0x0000000000040000 xrw
SCRATCH_X        0x0000000020040000 0x0000000000001000 xrw
SCRATCH_Y        0x0000000020041000 0x0000000000001000 xrw
*default*        0x0000000000000000 0xffffffffffffffff

Linker script and memory map

LOAD /usr/local/Cellar/arm-none-eabi-gcc/10.3-2021.07/gcc/bin/../lib/gcc/arm-none-eabi/10.3.1/thumb/v6-m/nofp/crti.o
LOAD /usr/local/Cellar/arm-none-eabi-gcc/10.3-2021.07/gcc/bin/../lib/gcc/arm-none-eabi/10.3.1/thumb/v6-m/nofp/crtbegin.o
LOAD /usr/local/Cellar/arm-none-eabi-gcc/10.3-2021.07/gcc/bin/../lib/gcc/arm-none-eabi/10.3.1/../../../../arm-none-eabi/lib/thumb/v6-m/nofp/crt0.o

.flash_begin    0x0000000010000000        0x0
                0x0000000010000000                __flash_binary_start = .

.boot2          0x0000000010000000      0x100
                0x0000000010000000                __boot2_start__ = .
 *(.boot2)
 .boot2         0x0000000010000000      0x100 /var/folders/h3/3z26yjnj5j1fbx4yjyb_fgvm0000gn/T//ccF5hsAw.o
                0x0000000010000100                __boot2_end__ = .
                0x0000000000000001                ASSERT (((__boot2_end__ - __boot2_start__) == 0x100), ERROR: Pico second stage bootloader must be 256 bytes in size)

.text           0x0000000010000100     0x71a8
                0x0000000010000100                __logical_binary_start = .
 *(.vectors)
 .vectors       0x0000000010000100       0xd4 CMakeFiles/ultrasonictest.dir/Users/frankenteddy/pico/pico-sdk/src/rp2_common/pico_standard_link/crt0.S.obj
                0x0000000010000100                __VECTOR_TABLE
                0x0000000010000100                __vectors
                0x00000000100001c0                __default_isrs_start
                0x00000000100001c0                isr_invalid
                0x00000000100001c2                isr_nmi
                0x00000000100001c4                isr_hardfault
                0x00000000100001c6                isr_svcall
                0x00000000100001c8                isr_pendsv
                0x00000000100001ca                isr_systick
                0x00000000100001cc                isr_irq28
                0x00000000100001cc                isr_irq19
                0x00000000100001cc                isr_irq0
                0x00000000100001cc                isr_irq6
                0x00000000100001cc                isr_irq22
                0x00000000100001cc                isr_irq17
                0x00000000100001cc                isr_irq14
                0x00000000100001cc                isr_irq2
                0x00000000100001cc                isr_irq10
                0x00000000100001cc                isr_irq8
                0x00000000100001cc                isr_irq24
                0x00000000100001cc                isr_irq1
                0x00000000100001cc                isr_irq7
                0x00000000100001cc                isr_irq21
                0x00000000100001cc                isr_irq20
                0x00000000100001cc                isr_irq15
                0x00000000100001cc                isr_irq25
                0x00000000100001cc                isr_irq4
                0x00000000100001cc                isr_irq16
                0x00000000100001cc                isr_irq29
                0x00000000100001cc                isr_irq26
                0x00000000100001cc                __default_isrs_end
                0x00000000100001cc                isr_irq3
                0x00000000100001cc                isr_irq9
                0x00000000100001cc                __unhandled_user_irq
                0x00000000100001cc                isr_irq13
                0x00000000100001cc                isr_irq27
                0x00000000100001cc                isr_irq31
                0x00000000100001cc                isr_irq5
                0x00000000100001cc                isr_irq11
                0x00000000100001cc                isr_irq23
                0x00000000100001cc                isr_irq18
                0x00000000100001cc                isr_irq30
                0x00000000100001cc                isr_irq12
                0x00000000100001d2                unhandled_user_irq_num_in_r0
 *(.binary_info_header)
 .binary_info_header
                0x00000000100001d4       0x14 CMakeFiles/ultrasonictest.dir/Users/frankenteddy/pico/pico-sdk/src/rp2_common/pico_standard_link/crt0.S.obj
                0x00000000100001e8                __binary_info_header_end = .
 *(.reset)
 .reset         0x00000000100001e8       0xa8 CMakeFiles/ultrasonictest.dir/Users/frankenteddy/pico/pico-sdk/src/rp2_common/pico_standard_link/crt0.S.obj
                0x00000000100001e8                _entry_point
                0x0000000010000266                __get_current_exception
 .reset         0x0000000010000290       0x30 CMakeFiles/ultrasonictest.dir/Users/frankenteddy/pico/pico-sdk/src/rp2_common/pico_standard_link/binary_info.c.obj
 *(.init)
 .init          0x00000000100002c0        0x4 /usr/local/Cellar/arm-none-eabi-gcc/10.3-2021.07/gcc/bin/../lib/gcc/arm-none-eabi/10.3.1/thumb/v6-m/nofp/crti.o
                0x00000000100002c0                _init
 *(EXCLUDE_FILE(*libm.a: *libc.a:*lib_a-mem*.o *libgcc.a:) .text*)
 .text          0x00000000100002c4       0x48 /usr/local/Cellar/arm-none-eabi-gcc/10.3-2021.07/gcc/bin/../lib/gcc/arm-none-eabi/10.3.1/thumb/v6-m/nofp/crtbegin.o
 .text.startup.main
                0x000000001000030c       0xf0 CMakeFiles/ultrasonictest.dir/main.c.obj
                0x000000001000030c                main
 .text.gpio_set_function
                0x00000000100003fc       0x30 CMakeFiles/ultrasonictest.dir/Users/frankenteddy/pico/pico-sdk/src/rp2_common/hardware_gpio/gpio.c.obj
                0x00000000100003fc                gpio_set_function
 .text.gpio_set_pulls
                0x000000001000042c       0x30 CMakeFiles/ultrasonictest.dir/Users/frankenteddy/pico/pico-sdk/src/rp2_common/hardware_gpio/gpio.c.obj
                0x000000001000042c                gpio_set_pulls
 .text.gpio_set_input_enabled
                0x000000001000045c       0x28 CMakeFiles/ultrasonictest.dir/Users/frankenteddy/pico/pico-sdk/src/rp2_common/hardware_gpio/gpio.c.obj
                0x000000001000045c                gpio_set_input_enabled
 .text.hw_claim_or_assert
                0x0000000010000484       0x44 CMakeFiles/ultrasonictest.dir/Users/frankenteddy/pico/pico-sdk/src/rp2_common/hardware_claim/claim.c.obj
                0x0000000010000484                hw_claim_or_assert
 .text.hw_claim_unused_from_range
                0x00000000100004c8       0x9c CMakeFiles/ultrasonictest.dir/Users/frankenteddy/pico/pico-sdk/src/rp2_common/hardware_claim/claim.c.obj
                0x00000000100004c8                hw_claim_unused_from_range
 .text.running_on_fpga
                0x0000000010000564       0x10 CMakeFiles/ultrasonictest.dir/Users/frankenteddy/pico/pico-sdk/src/rp2_common/pico_platform/platform.c.obj
                0x0000000010000564                running_on_fpga
 .text.spin_locks_reset
                0x0000000010000574       0x1c CMakeFiles/ultrasonictest.dir/Users/frankenteddy/pico/pico-sdk/src/rp2_common/hardware_sync/sync.c.obj
                0x0000000010000574                spin_locks_reset
 .text.next_striped_spin_lock_num
                0x0000000010000590       0x18 CMakeFiles/ultrasonictest.dir/Users/frankenteddy/pico/pico-sdk/src/rp2_common/hardware_sync/sync.c.obj
                0x0000000010000590                next_striped_spin_lock_num
 .text.spin_lock_claim_unused
                0x00000000100005a8       0x20 CMakeFiles/ultrasonictest.dir/Users/frankenteddy/pico/pico-sdk/src/rp2_common/hardware_sync/sync.c.obj
                0x00000000100005a8                spin_lock_claim_unused
 .text.irq_set_enabled
                0x00000000100005c8       0x24 CMakeFiles/ultrasonictest.dir/Users/frankenteddy/pico/pico-sdk/src/rp2_common/hardware_irq/irq.c.obj
                0x00000000100005c8                irq_set_enabled
 .text.irq_set_pending
                0x00000000100005ec       0x10 CMakeFiles/ultrasonictest.dir/Users/frankenteddy/pico/pico-sdk/src/rp2_common/hardware_irq/irq.c.obj
                0x00000000100005ec                irq_set_pending
 .text.irq_has_shared_handler
                0x00000000100005fc       0x2c CMakeFiles/ultrasonictest.dir/Users/frankenteddy/pico/pico-sdk/src/rp2_common/hardware_irq/irq.c.obj
                0x00000000100005fc                irq_has_shared_handler
 .text.irq_get_vtable_handler
                0x0000000010000628       0x10 CMakeFiles/ultrasonictest.dir/Users/frankenteddy/pico/pico-sdk/src/rp2_common/hardware_irq/irq.c.obj
                0x0000000010000628                irq_get_vtable_handler
 .text.irq_set_exclusive_handler
                0x0000000010000638       0x54 CMakeFiles/ultrasonictest.dir/Users/frankenteddy/pico/pico-sdk/src/rp2_common/hardware_irq/irq.c.obj
                0x0000000010000638                irq_set_exclusive_handler
 .text.irq_add_shared_handler
                0x000000001000068c      0x1e4 CMakeFiles/ultrasonictest.dir/Users/frankenteddy/pico/pico-sdk/src/rp2_common/hardware_irq/irq.c.obj
                0x000000001000068c                irq_add_shared_handler
 .text.irq_remove_handler
                0x0000000010000870      0x1b4 CMakeFiles/ultrasonictest.dir/Users/frankenteddy/pico/pico-sdk/src/rp2_common/hardware_irq/irq.c.obj
                0x0000000010000870                irq_remove_handler
 .text.irq_add_tail_to_free_list
                0x0000000010000a24       0xb4 CMakeFiles/ultrasonictest.dir/Users/frankenteddy/pico/pico-sdk/src/rp2_common/hardware_irq/irq.c.obj
                0x0000000010000a24                irq_add_tail_to_free_list
 .text.irq_init_priorities
                0x0000000010000ad8       0x24 CMakeFiles/ultrasonictest.dir/Users/frankenteddy/pico/pico-sdk/src/rp2_common/hardware_irq/irq.c.obj
                0x0000000010000ad8                irq_init_priorities
 .text.user_irq_claim_unused
                0x0000000010000afc       0x30 CMakeFiles/ultrasonictest.dir/Users/frankenteddy/pico/pico-sdk/src/rp2_common/hardware_irq/irq.c.obj
                0x0000000010000afc                user_irq_claim_unused
 .text.lock_init
                0x0000000010000b2c       0x10 CMakeFiles/ultrasonictest.dir/Users/frankenteddy/pico/pico-sdk/src/common/pico_sync/lock_core.c.obj
                0x0000000010000b2c                lock_init
 .text.timer_pool_entry_comparator
                0x0000000010000b3c       0x34 CMakeFiles/ultrasonictest.dir/Users/frankenteddy/pico/pico-sdk/src/common/pico_time/time.c.obj
                0x0000000010000b3c                timer_pool_entry_comparator
 .text.sleep_until_callback
                0x0000000010000b70       0x30 CMakeFiles/ultrasonictest.dir/Users/frankenteddy/pico/pico-sdk/src/common/pico_time/time.c.obj
 .text.add_alarm_under_lock.isra.0
                0x0000000010000ba0      0x100 CMakeFiles/ultrasonictest.dir/Users/frankenteddy/pico/pico-sdk/src/common/pico_time/time.c.obj
 .text.alarm_pool_alarm_callback
                0x0000000010000ca0      0x1c8 CMakeFiles/ultrasonictest.dir/Users/frankenteddy/pico/pico-sdk/src/common/pico_time/time.c.obj
 .text.alarm_pool_add_alarm_at.constprop.0
                0x0000000010000e68      0x11c CMakeFiles/ultrasonictest.dir/Users/frankenteddy/pico/pico-sdk/src/common/pico_time/time.c.obj
 .text.alarm_pool_init_default
                0x0000000010000f84       0x64 CMakeFiles/ultrasonictest.dir/Users/frankenteddy/pico/pico-sdk/src/common/pico_time/time.c.obj
                0x0000000010000f84                alarm_pool_init_default
 .text.alarm_pool_get_default
                0x0000000010000fe8        0x8 CMakeFiles/ultrasonictest.dir/Users/frankenteddy/pico/pico-sdk/src/common/pico_time/time.c.obj
                0x0000000010000fe8                alarm_pool_get_default
 .text.alarm_pool_add_alarm_at
                0x0000000010000ff0      0x194 CMakeFiles/ultrasonictest.dir/Users/frankenteddy/pico/pico-sdk/src/common/pico_time/time.c.obj
                0x0000000010000ff0                alarm_pool_add_alarm_at
 .text.sleep_until
                0x0000000010001184       0xac CMakeFiles/ultrasonictest.dir/Users/frankenteddy/pico/pico-sdk/src/common/pico_time/time.c.obj
                0x0000000010001184                sleep_until
 .text.sleep_ms
                0x0000000010001230       0x38 CMakeFiles/ultrasonictest.dir/Users/frankenteddy/pico/pico-sdk/src/common/pico_time/time.c.obj
                0x0000000010001230                sleep_ms
 .text.best_effort_wfe_or_timeout
                0x0000000010001268       0xd4 CMakeFiles/ultrasonictest.dir/Users/frankenteddy/pico/pico-sdk/src/common/pico_time/time.c.obj
                0x0000000010001268                best_effort_wfe_or_timeout
 .text.hardware_alarm_irq_handler
                0x000000001000133c       0xb8 CMakeFiles/ultrasonictest.dir/Users/frankenteddy/pico/pico-sdk/src/rp2_common/hardware_timer/timer.c.obj
 .text.hardware_alarm_claim
                0x00000000100013f4       0x18 CMakeFiles/ultrasonictest.dir/Users/frankenteddy/pico/pico-sdk/src/rp2_common/hardware_timer/timer.c.obj
                0x00000000100013f4                hardware_alarm_claim
 .text.time_us_64
                0x000000001000140c       0x14 CMakeFiles/ultrasonictest.dir/Users/frankenteddy/pico/pico-sdk/src/rp2_common/hardware_timer/timer.c.obj
                0x000000001000140c                time_us_64
 .text.busy_wait_until
                0x0000000010001420       0x20 CMakeFiles/ultrasonictest.dir/Users/frankenteddy/pico/pico-sdk/src/rp2_common/hardware_timer/timer.c.obj
                0x0000000010001420                busy_wait_until
 .text.hardware_alarm_set_callback
                0x0000000010001440       0x8c CMakeFiles/ultrasonictest.dir/Users/frankenteddy/pico/pico-sdk/src/rp2_common/hardware_timer/timer.c.obj
                0x0000000010001440                hardware_alarm_set_callback
 .text.hardware_alarm_set_target
                0x00000000100014cc       0xe0 CMakeFiles/ultrasonictest.dir/Users/frankenteddy/pico/pico-sdk/src/rp2_common/hardware_timer/timer.c.obj
                0x00000000100014cc                hardware_alarm_set_target
 .text.hardware_alarm_cancel
                0x00000000100015ac       0x3c CMakeFiles/ultrasonictest.dir/Users/frankenteddy/pico/pico-sdk/src/rp2_common/hardware_timer/timer.c.obj
                0x00000000100015ac                hardware_alarm_cancel
 .text.ph_merge_nodes
                0x00000000100015e8       0x68 CMakeFiles/ultrasonictest.dir/Users/frankenteddy/pico/pico-sdk/src/common/pico_util/pheap.c.obj
 .text.ph_post_alloc_init
                0x0000000010001650       0x3c CMakeFiles/ultrasonictest.dir/Users/frankenteddy/pico/pico-sdk/src/common/pico_util/pheap.c.obj
                0x0000000010001650                ph_post_alloc_init
 .text.ph_merge_two_pass
                0x000000001000168c       0x90 CMakeFiles/ultrasonictest.dir/Users/frankenteddy/pico/pico-sdk/src/common/pico_util/pheap.c.obj
                0x000000001000168c                ph_merge_two_pass
 .text.ph_remove_any_head
                0x000000001000171c       0xf8 CMakeFiles/ultrasonictest.dir/Users/frankenteddy/pico/pico-sdk/src/common/pico_util/pheap.c.obj
 .text.ph_remove_head
                0x0000000010001814       0xfc CMakeFiles/ultrasonictest.dir/Users/frankenteddy/pico/pico-sdk/src/common/pico_util/pheap.c.obj
                0x0000000010001814                ph_remove_head
 .text.ph_remove_and_free_node
                0x0000000010001910       0x7c CMakeFiles/ultrasonictest.dir/Users/frankenteddy/pico/pico-sdk/src/common/pico_util/pheap.c.obj
                0x0000000010001910                ph_remove_and_free_node
 .text.mutex_init
                0x000000001000198c       0x1c CMakeFiles/ultrasonictest.dir/Users/frankenteddy/pico/pico-sdk/src/common/pico_sync/mutex.c.obj
                0x000000001000198c                mutex_init
 .text.recursive_mutex_init
                0x00000000100019a8       0x1c CMakeFiles/ultrasonictest.dir/Users/frankenteddy/pico/pico-sdk/src/common/pico_sync/mutex.c.obj
                0x00000000100019a8                recursive_mutex_init
 .text.critical_section_init
                0x00000000100019c4       0x20 CMakeFiles/ultrasonictest.dir/Users/frankenteddy/pico/pico-sdk/src/common/pico_sync/critical_section.c.obj
                0x00000000100019c4                critical_section_init
 .text.runtime_init
                0x00000000100019e4       0xf0 CMakeFiles/ultrasonictest.dir/Users/frankenteddy/pico/pico-sdk/src/rp2_common/pico_runtime/runtime.c.obj
                0x00000000100019e4                runtime_init
 .text.exit     0x0000000010001ad4        0x4 CMakeFiles/ultrasonictest.dir/Users/frankenteddy/pico/pico-sdk/src/rp2_common/pico_runtime/runtime.c.obj
                0x0000000010001ad4                exit
 .text.panic    0x0000000010001ad8       0x30 CMakeFiles/ultrasonictest.dir/Users/frankenteddy/pico/pico-sdk/src/rp2_common/pico_runtime/runtime.c.obj
                0x0000000010001ad8                panic
 .text.hard_assertion_failure
                0x0000000010001b08        0xc CMakeFiles/ultrasonictest.dir/Users/frankenteddy/pico/pico-sdk/src/rp2_common/pico_runtime/runtime.c.obj
                0x0000000010001b08                hard_assertion_failure
 .text.clocks_init
                0x0000000010001b14      0x2bc CMakeFiles/ultrasonictest.dir/Users/frankenteddy/pico/pico-sdk/src/rp2_common/hardware_clocks/clocks.c.obj
                0x0000000010001b14                clocks_init
 .text.pll_init
                0x0000000010001dd0       0xb0 CMakeFiles/ultrasonictest.dir/Users/frankenteddy/pico/pico-sdk/src/rp2_common/hardware_pll/pll.c.obj
                0x0000000010001dd0                pll_init
 .text.watchdog_start_tick
                0x0000000010001e80       0x10 CMakeFiles/ultrasonictest.dir/Users/frankenteddy/pico/pico-sdk/src/rp2_common/hardware_watchdog/watchdog.c.obj
                0x0000000010001e80                watchdog_start_tick
 .text.watchdog_reboot
                0x0000000010001e90       0x98 CMakeFiles/ultrasonictest.dir/Users/frankenteddy/pico/pico-sdk/src/rp2_common/hardware_watchdog/watchdog.c.obj
                0x0000000010001e90                watchdog_reboot
 .text.xosc_init
                0x0000000010001f28       0x28 CMakeFiles/ultrasonictest.dir/Users/frankenteddy/pico/pico-sdk/src/rp2_common/hardware_xosc/xosc.c.obj
                0x0000000010001f28                xosc_init
 .text._out_null
                0x0000000010001f50        0x4 CMakeFiles/ultrasonictest.dir/Users/frankenteddy/pico/pico-sdk/src/rp2_common/pico_printf/printf.c.obj
 .text._out_rev
                0x0000000010001f54       0x9c CMakeFiles/ultrasonictest.dir/Users/frankenteddy/pico/pico-sdk/src/rp2_common/pico_printf/printf.c.obj
 .text._ntoa_format
                0x0000000010001ff0      0x1cc CMakeFiles/ultrasonictest.dir/Users/frankenteddy/pico/pico-sdk/src/rp2_common/pico_printf/printf.c.obj
 .text._out_char
                0x00000000100021bc       0x10 CMakeFiles/ultrasonictest.dir/Users/frankenteddy/pico/pico-sdk/src/rp2_common/pico_printf/printf.c.obj
 .text._out_fct
                0x00000000100021cc       0x10 CMakeFiles/ultrasonictest.dir/Users/frankenteddy/pico/pico-sdk/src/rp2_common/pico_printf/printf.c.obj
 .text._etoa    0x00000000100021dc      0x44c CMakeFiles/ultrasonictest.dir/Users/frankenteddy/pico/pico-sdk/src/rp2_common/pico_printf/printf.c.obj
 .text._ftoa    0x0000000010002628      0x398 CMakeFiles/ultrasonictest.dir/Users/frankenteddy/pico/pico-sdk/src/rp2_common/pico_printf/printf.c.obj
 .text._vsnprintf
                0x00000000100029c0      0xb04 CMakeFiles/ultrasonictest.dir/Users/frankenteddy/pico/pico-sdk/src/rp2_common/pico_printf/printf.c.obj
 .text.vfctprintf
                0x00000000100034c4       0x20 CMakeFiles/ultrasonictest.dir/Users/frankenteddy/pico/pico-sdk/src/rp2_common/pico_printf/printf.c.obj
                0x00000000100034c4                vfctprintf
 .text.weak_raw_vprintf
                0x00000000100034e4       0x30 CMakeFiles/ultrasonictest.dir/Users/frankenteddy/pico/pico-sdk/src/rp2_common/pico_printf/printf.c.obj
                0x00000000100034e4                weak_raw_vprintf
 .text          0x0000000010003514       0x10 CMakeFiles/ultrasonictest.dir/Users/frankenteddy/pico/pico-sdk/src/rp2_common/pico_bit_ops/bit_ops_aeabi.S.obj
 .text.rom_func_lookup
                0x0000000010003524       0x10 CMakeFiles/ultrasonictest.dir/Users/frankenteddy/pico/pico-sdk/src/rp2_common/pico_bootrom/bootrom.c.obj
                0x0000000010003524                rom_func_lookup
 .text.rom_data_lookup
                0x0000000010003534       0x10 CMakeFiles/ultrasonictest.dir/Users/frankenteddy/pico/pico-sdk/src/rp2_common/pico_bootrom/bootrom.c.obj
                0x0000000010003534                rom_data_lookup
 .text.rom_funcs_lookup
                0x0000000010003544       0x44 CMakeFiles/ultrasonictest.dir/Users/frankenteddy/pico/pico-sdk/src/rp2_common/pico_bootrom/bootrom.c.obj
                0x0000000010003544                rom_funcs_lookup
 .text.__wrap___aeabi_idiv
                0x0000000010003588       0x50 CMakeFiles/ultrasonictest.dir/Users/frankenteddy/pico/pico-sdk/src/rp2_common/pico_divider/divider.S.obj
                0x0000000010003588                __wrap___aeabi_idivmod
                0x0000000010003588                divmod_s32s32
                0x0000000010003588                div_s32s32
                0x0000000010003588                __wrap___aeabi_idiv
                0x0000000010003590                divmod_s32s32_unsafe
                0x00000000100035bc                divmod_s32s32_savestate
 .text.__wrap___aeabi_uidiv
                0x00000000100035d8       0x4c CMakeFiles/ultrasonictest.dir/Users/frankenteddy/pico/pico-sdk/src/rp2_common/pico_divider/divider.S.obj
                0x00000000100035d8                __wrap___aeabi_uidiv
                0x00000000100035d8                __wrap___aeabi_uidivmod
                0x00000000100035d8                div_u32u32
                0x00000000100035d8                divmod_u32u32
                0x00000000100035e0                divmod_u32u32_unsafe
                0x0000000010003608                divmod_u32u32_savestate
 .text.__wrap___aeabi_ldiv
                0x0000000010003624      0x434 CMakeFiles/ultrasonictest.dir/Users/frankenteddy/pico/pico-sdk/src/rp2_common/pico_divider/divider.S.obj
                0x0000000010003624                __wrap___aeabi_ldivmod
                0x0000000010003624                div_s64s64
                0x0000000010003624                divmod_s64s64
                0x000000001000365c                divmod_u64u64
                0x000000001000365c                div_u64u64
                0x000000001000365c                __wrap___aeabi_uldivmod
                0x000000001000366c                divmod_u64u64_savestate
                0x0000000010003694                divmod_s64s64_unsafe
                0x000000001000371c                divmod_u64u64_unsafe
 .text.__wrap___aeabi_darithmetic
                0x0000000010003a58       0x80 CMakeFiles/ultrasonictest.dir/Users/frankenteddy/pico/pico-sdk/src/rp2_common/pico_double/double_aeabi.S.obj
                0x0000000010003a58                __wrap___aeabi_drsub
                0x0000000010003a5e                __wrap___aeabi_dsub
                0x0000000010003a70                __wrap___aeabi_dadd
                0x0000000010003a82                __wrap___aeabi_ddiv
                0x0000000010003abe                __wrap___aeabi_dmul
 .text.__wrap___aeabi_cdcmple
                0x0000000010003ad8       0x6c CMakeFiles/ultrasonictest.dir/Users/frankenteddy/pico/pico-sdk/src/rp2_common/pico_double/double_aeabi.S.obj
                0x0000000010003ad8                __wrap___aeabi_cdrcmple
                0x0000000010003ae8                __wrap___aeabi_cdcmple
                0x0000000010003ae8                __wrap___aeabi_cdcmpeq
 .text.__wrap___aeabi_dcmplt
                0x0000000010003b44        0xc CMakeFiles/ultrasonictest.dir/Users/frankenteddy/pico/pico-sdk/src/rp2_common/pico_double/double_aeabi.S.obj
                0x0000000010003b44                __wrap___aeabi_dcmplt
 .text.__wrap___aeabi_dcmple
                0x0000000010003b50       0x10 CMakeFiles/ultrasonictest.dir/Users/frankenteddy/pico/pico-sdk/src/rp2_common/pico_double/double_aeabi.S.obj
                0x0000000010003b50                __wrap___aeabi_dcmple
 .text.__wrap___aeabi_dcmpge
                0x0000000010003b60       0x10 CMakeFiles/ultrasonictest.dir/Users/frankenteddy/pico/pico-sdk/src/rp2_common/pico_double/double_aeabi.S.obj
                0x0000000010003b60                __wrap___aeabi_dcmpge
 .text.__wrap___aeabi_dcmpgt
                0x0000000010003b70        0xa CMakeFiles/ultrasonictest.dir/Users/frankenteddy/pico/pico-sdk/src/rp2_common/pico_double/double_aeabi.S.obj
                0x0000000010003b70                __wrap___aeabi_dcmpgt
 .text.__wrap___aeabi_dcmpun
                0x0000000010003b7a       0x1c CMakeFiles/ultrasonictest.dir/Users/frankenteddy/pico/pico-sdk/src/rp2_common/pico_double/double_aeabi.S.obj
                0x0000000010003b7a                __wrap___aeabi_dcmpun
 *fill*         0x0000000010003b96        0x2 
 .text.__wrap___aeabi_i2d
                0x0000000010003b98       0x38 CMakeFiles/ultrasonictest.dir/Users/frankenteddy/pico/pico-sdk/src/rp2_common/pico_double/double_aeabi.S.obj
                0x0000000010003b98                __wrap___aeabi_ui2d
                0x0000000010003ba0                __wrap___aeabi_i2d
 .text.__wrap___aeabi_d2iz
                0x0000000010003bd0       0x48 CMakeFiles/ultrasonictest.dir/Users/frankenteddy/pico/pico-sdk/src/rp2_common/pico_double/double_aeabi.S.obj
                0x0000000010003bd0                __wrap___aeabi_d2iz
                0x0000000010003bd0                double2int_z
 .text.__wrap___aeabi_d2uiz
                0x0000000010003c18       0x18 CMakeFiles/ultrasonictest.dir/Users/frankenteddy/pico/pico-sdk/src/rp2_common/pico_double/double_aeabi.S.obj
                0x0000000010003c18                double2uint
                0x0000000010003c18                __wrap___aeabi_d2uiz
 .text.__aeabi_double_init
                0x0000000010003c30       0x94 CMakeFiles/ultrasonictest.dir/Users/frankenteddy/pico/pico-sdk/src/rp2_common/pico_double/double_init_rom.c.obj
                0x0000000010003c30                __aeabi_double_init
 .text.double_table_shim_on_use_helper
                0x0000000010003cc4       0x2c CMakeFiles/ultrasonictest.dir/Users/frankenteddy/pico/pico-sdk/src/rp2_common/pico_double/double_v1_rom_shim.S.obj
                0x0000000010003cc4                double_table_shim_on_use_helper
 .text.__wrap___aeabi_dsub
                0x0000000010003cf0       0x10 CMakeFiles/ultrasonictest.dir/Users/frankenteddy/pico/pico-sdk/src/rp2_common/pico_double/double_v1_rom_shim.S.obj
                0x0000000010003cf0                drsub_shim
                0x0000000010003cf6                dsub_shim
 .text.dadd_shim
                0x0000000010003d00      0x15c CMakeFiles/ultrasonictest.dir/Users/frankenteddy/pico/pico-sdk/src/rp2_common/pico_double/double_v1_rom_shim.S.obj
                0x0000000010003d00                dadd_shim
 .text.dmul_shim
                0x0000000010003e5c      0x15c CMakeFiles/ultrasonictest.dir/Users/frankenteddy/pico/pico-sdk/src/rp2_common/pico_double/double_v1_rom_shim.S.obj
                0x0000000010003e5c                dmul_shim
 .text.ddiv_shim
                0x0000000010003fb8      0x1b0 CMakeFiles/ultrasonictest.dir/Users/frankenteddy/pico/pico-sdk/src/rp2_common/pico_double/double_v1_rom_shim.S.obj
                0x0000000010003fb8                ddiv_shim
 .text.double2uint_shim
                0x0000000010004168        0xe CMakeFiles/ultrasonictest.dir/Users/frankenteddy/pico/pico-sdk/src/rp2_common/pico_double/double_v1_rom_shim.S.obj
                0x0000000010004168                double2uint_shim
                0x000000001000416a                double2ufix_shim
 *fill*         0x0000000010004176        0x2 
 .text.double2uint64_shim
                0x0000000010004178       0x70 CMakeFiles/ultrasonictest.dir/Users/frankenteddy/pico/pico-sdk/src/rp2_common/pico_double/double_v1_rom_shim.S.obj
                0x0000000010004178                double2uint64_shim
                0x000000001000417a                double2ufix64_shim
                0x000000001000419a                d2fix_a
 .text.dunpacks
                0x00000000100041e8       0x3c CMakeFiles/ultrasonictest.dir/Users/frankenteddy/pico/pico-sdk/src/rp2_common/pico_double/double_v1_rom_shim.S.obj
                0x00000000100041e8                dunpacks
 .text.__aeabi_lmul
                0x0000000010004224       0x32 CMakeFiles/ultrasonictest.dir/Users/frankenteddy/pico/pico-sdk/src/rp2_common/pico_int64_ops/pico_int64_ops_aeabi.S.obj
                0x0000000010004224                __wrap___aeabi_lmul
 *fill*         0x0000000010004256        0x2 
 .text.__wrap___aeabi_farithmetic
                0x0000000010004258       0x48 CMakeFiles/ultrasonictest.dir/Users/frankenteddy/pico/pico-sdk/src/rp2_common/pico_float/float_aeabi.S.obj
                0x0000000010004258                __wrap___aeabi_frsub
                0x000000001000425e                __wrap___aeabi_fsub
                0x0000000010004264                __wrap___aeabi_fadd
                0x000000001000426a                __wrap___aeabi_fdiv
                0x0000000010004292                __wrap___aeabi_fmul
 .text.__wrap___aeabi_i2f
                0x00000000100042a0       0x44 CMakeFiles/ultrasonictest.dir/Users/frankenteddy/pico/pico-sdk/src/rp2_common/pico_float/float_aeabi.S.obj
                0x00000000100042a0                __wrap___aeabi_i2f
 .text.__wrap___aeabi_f2d
                0x00000000100042e4       0x14 CMakeFiles/ultrasonictest.dir/Users/frankenteddy/pico/pico-sdk/src/rp2_common/pico_float/float_aeabi.S.obj
                0x00000000100042e4                __wrap___aeabi_f2d
 .text.__aeabi_float_init
                0x00000000100042f8       0x64 CMakeFiles/ultrasonictest.dir/Users/frankenteddy/pico/pico-sdk/src/rp2_common/pico_float/float_init_rom.c.obj
                0x00000000100042f8                __aeabi_float_init
 .text.float_table_shim_on_use_helper
                0x000000001000435c       0x2c CMakeFiles/ultrasonictest.dir/Users/frankenteddy/pico/pico-sdk/src/rp2_common/pico_float/float_v1_rom_shim.S.obj
                0x000000001000435c                float_table_shim_on_use_helper
 .text.float2double_shim
                0x0000000010004388       0x30 CMakeFiles/ultrasonictest.dir/Users/frankenteddy/pico/pico-sdk/src/rp2_common/pico_float/float_v1_rom_shim.S.obj
                0x0000000010004388                float2double_shim
 .text          0x00000000100043b8       0x10 CMakeFiles/ultrasonictest.dir/Users/frankenteddy/pico/pico-sdk/src/rp2_common/pico_mem_ops/mem_ops_aeabi.S.obj
                0x00000000100043b8                __aeabi_mem_init
 .text.memset   0x00000000100043c8        0xc CMakeFiles/ultrasonictest.dir/Users/frankenteddy/pico/pico-sdk/src/rp2_common/pico_mem_ops/mem_ops_aeabi.S.obj
                0x00000000100043c8                __wrap_memset
 .text.memcpy   0x00000000100043d4        0xc CMakeFiles/ultrasonictest.dir/Users/frankenteddy/pico/pico-sdk/src/rp2_common/pico_mem_ops/mem_ops_aeabi.S.obj
                0x00000000100043d4                __wrap___aeabi_memcpy
                0x00000000100043d4                __wrap_memcpy
 .text.stdio_out_chars_no_crlf
                0x00000000100043e0       0x10 CMakeFiles/ultrasonictest.dir/Users/frankenteddy/pico/pico-sdk/src/rp2_common/pico_stdio/stdio.c.obj
 .text.stdio_out_chars_crlf
                0x00000000100043f0       0xb4 CMakeFiles/ultrasonictest.dir/Users/frankenteddy/pico/pico-sdk/src/rp2_common/pico_stdio/stdio.c.obj
 .text.stdio_buffered_printer
                0x00000000100044a4       0x64 CMakeFiles/ultrasonictest.dir/Users/frankenteddy/pico/pico-sdk/src/rp2_common/pico_stdio/stdio.c.obj
 .text.stdio_put_string.isra.0
                0x0000000010004508       0xfc CMakeFiles/ultrasonictest.dir/Users/frankenteddy/pico/pico-sdk/src/rp2_common/pico_stdio/stdio.c.obj
 .text.__wrap_putchar
                0x0000000010004604       0xa0 CMakeFiles/ultrasonictest.dir/Users/frankenteddy/pico/pico-sdk/src/rp2_common/pico_stdio/stdio.c.obj
                0x0000000010004604                __wrap_putchar
 .text.__wrap_puts
                0x00000000100046a4       0x3c CMakeFiles/ultrasonictest.dir/Users/frankenteddy/pico/pico-sdk/src/rp2_common/pico_stdio/stdio.c.obj
                0x00000000100046a4                __wrap_puts
 .text.stdio_set_driver_enabled
                0x00000000100046e0       0x30 CMakeFiles/ultrasonictest.dir/Users/frankenteddy/pico/pico-sdk/src/rp2_common/pico_stdio/stdio.c.obj
                0x00000000100046e0                stdio_set_driver_enabled
 .text.__wrap_vprintf
                0x0000000010004710       0xd8 CMakeFiles/ultrasonictest.dir/Users/frankenteddy/pico/pico-sdk/src/rp2_common/pico_stdio/stdio.c.obj
                0x0000000010004710                __wrap_vprintf
 .text.__wrap_printf
                0x00000000100047e8       0x18 CMakeFiles/ultrasonictest.dir/Users/frankenteddy/pico/pico-sdk/src/rp2_common/pico_stdio/stdio.c.obj
                0x00000000100047e8                __wrap_printf
 .text.stdio_init_all
                0x0000000010004800        0x8 CMakeFiles/ultrasonictest.dir/Users/frankenteddy/pico/pico-sdk/src/rp2_common/pico_stdio/stdio.c.obj
                0x0000000010004800                stdio_init_all
 .text.resetd_init
                0x0000000010004808        0x4 CMakeFiles/ultrasonictest.dir/Users/frankenteddy/pico/pico-sdk/src/rp2_common/pico_stdio_usb/reset_interface.c.obj
 .text.resetd_reset
                0x000000001000480c        0xc CMakeFiles/ultrasonictest.dir/Users/frankenteddy/pico/pico-sdk/src/rp2_common/pico_stdio_usb/reset_interface.c.obj
 .text.resetd_open
                0x0000000010004818       0x28 CMakeFiles/ultrasonictest.dir/Users/frankenteddy/pico/pico-sdk/src/rp2_common/pico_stdio_usb/reset_interface.c.obj
 .text.resetd_xfer_cb
                0x0000000010004840        0x4 CMakeFiles/ultrasonictest.dir/Users/frankenteddy/pico/pico-sdk/src/rp2_common/pico_stdio_usb/reset_interface.c.obj
 .text.resetd_control_xfer_cb
                0x0000000010004844       0x64 CMakeFiles/ultrasonictest.dir/Users/frankenteddy/pico/pico-sdk/src/rp2_common/pico_stdio_usb/reset_interface.c.obj
 .text.usbd_app_driver_get_cb
                0x00000000100048a8        0xc CMakeFiles/ultrasonictest.dir/Users/frankenteddy/pico/pico-sdk/src/rp2_common/pico_stdio_usb/reset_interface.c.obj
                0x00000000100048a8                usbd_app_driver_get_cb
 .text.tud_cdc_line_coding_cb
                0x00000000100048b4       0x34 CMakeFiles/ultrasonictest.dir/Users/frankenteddy/pico/pico-sdk/src/rp2_common/pico_stdio_usb/reset_interface.c.obj
                0x00000000100048b4                tud_cdc_line_coding_cb
 .text.stdio_usb_in_chars
                0x00000000100048e8       0x68 CMakeFiles/ultrasonictest.dir/Users/frankenteddy/pico/pico-sdk/src/rp2_common/pico_stdio_usb/stdio_usb.c.obj
                0x00000000100048e8                stdio_usb_in_chars
 .text.stdio_usb_out_chars
                0x0000000010004950       0xe4 CMakeFiles/ultrasonictest.dir/Users/frankenteddy/pico/pico-sdk/src/rp2_common/pico_stdio_usb/stdio_usb.c.obj
 .text.timer_task
                0x0000000010004a34       0x18 CMakeFiles/ultrasonictest.dir/Users/frankenteddy/pico/pico-sdk/src/rp2_common/pico_stdio_usb/stdio_usb.c.obj
 .text.usb_irq  0x0000000010004a4c       0x10 CMakeFiles/ultrasonictest.dir/Users/frankenteddy/pico/pico-sdk/src/rp2_common/pico_stdio_usb/stdio_usb.c.obj
 .text.low_priority_worker_irq
                0x0000000010004a5c       0x24 CMakeFiles/ultrasonictest.dir/Users/frankenteddy/pico/pico-sdk/src/rp2_common/pico_stdio_usb/stdio_usb.c.obj
 .text.stdio_usb_init
                0x0000000010004a80       0xb0 CMakeFiles/ultrasonictest.dir/Users/frankenteddy/pico/pico-sdk/src/rp2_common/pico_stdio_usb/stdio_usb.c.obj
                0x0000000010004a80                stdio_usb_init
 .text.tud_descriptor_device_cb
                0x0000000010004b30        0x8 CMakeFiles/ultrasonictest.dir/Users/frankenteddy/pico/pico-sdk/src/rp2_common/pico_stdio_usb/stdio_usb_descriptors.c.obj
                0x0000000010004b30                tud_descriptor_device_cb
 .text.tud_descriptor_configuration_cb
                0x0000000010004b38        0x8 CMakeFiles/ultrasonictest.dir/Users/frankenteddy/pico/pico-sdk/src/rp2_common/pico_stdio_usb/stdio_usb_descriptors.c.obj
                0x0000000010004b38                tud_descriptor_configuration_cb
 .text.tud_descriptor_string_cb
                0x0000000010004b40       0x74 CMakeFiles/ultrasonictest.dir/Users/frankenteddy/pico/pico-sdk/src/rp2_common/pico_stdio_usb/stdio_usb_descriptors.c.obj
                0x0000000010004b40                tud_descriptor_string_cb
 .text.dcd_rp2040_irq
                0x0000000010004bb4      0x21c CMakeFiles/ultrasonictest.dir/Users/frankenteddy/pico/pico-sdk/lib/tinyusb/src/portable/raspberrypi/rp2040/dcd_rp2040.c.obj
 .text.dcd_int_enable
                0x0000000010004dd0        0xc CMakeFiles/ultrasonictest.dir/Users/frankenteddy/pico/pico-sdk/lib/tinyusb/src/portable/raspberrypi/rp2040/dcd_rp2040.c.obj
                0x0000000010004dd0                dcd_int_enable
 .text.dcd_set_address
                0x0000000010004ddc       0x14 CMakeFiles/ultrasonictest.dir/Users/frankenteddy/pico/pico-sdk/lib/tinyusb/src/portable/raspberrypi/rp2040/dcd_rp2040.c.obj
                0x0000000010004ddc                dcd_set_address
 .text.dcd_connect
                0x0000000010004df0       0x10 CMakeFiles/ultrasonictest.dir/Users/frankenteddy/pico/pico-sdk/lib/tinyusb/src/portable/raspberrypi/rp2040/dcd_rp2040.c.obj
                0x0000000010004df0                dcd_connect
 .text.dcd_init
                0x0000000010004e00      0x144 CMakeFiles/ultrasonictest.dir/Users/frankenteddy/pico/pico-sdk/lib/tinyusb/src/portable/raspberrypi/rp2040/dcd_rp2040.c.obj
                0x0000000010004e00                dcd_init
 .text.dcd_edpt0_status_complete
                0x0000000010004f44       0x1c CMakeFiles/ultrasonictest.dir/Users/frankenteddy/pico/pico-sdk/lib/tinyusb/src/portable/raspberrypi/rp2040/dcd_rp2040.c.obj
                0x0000000010004f44                dcd_edpt0_status_complete
 .text.dcd_edpt_open
                0x0000000010004f60       0xf0 CMakeFiles/ultrasonictest.dir/Users/frankenteddy/pico/pico-sdk/lib/tinyusb/src/portable/raspberrypi/rp2040/dcd_rp2040.c.obj
                0x0000000010004f60                dcd_edpt_open
 .text.dcd_edpt_close_all
                0x0000000010005050       0xbc CMakeFiles/ultrasonictest.dir/Users/frankenteddy/pico/pico-sdk/lib/tinyusb/src/portable/raspberrypi/rp2040/dcd_rp2040.c.obj
                0x0000000010005050                dcd_edpt_close_all
 .text.dcd_edpt_xfer
                0x000000001000510c       0x24 CMakeFiles/ultrasonictest.dir/Users/frankenteddy/pico/pico-sdk/lib/tinyusb/src/portable/raspberrypi/rp2040/dcd_rp2040.c.obj
                0x000000001000510c                dcd_edpt_xfer
 .text.dcd_edpt_stall
                0x0000000010005130       0x38 CMakeFiles/ultrasonictest.dir/Users/frankenteddy/pico/pico-sdk/lib/tinyusb/src/portable/raspberrypi/rp2040/dcd_rp2040.c.obj
                0x0000000010005130                dcd_edpt_stall
 .text.dcd_edpt_clear_stall
                0x0000000010005168       0x30 CMakeFiles/ultrasonictest.dir/Users/frankenteddy/pico/pico-sdk/lib/tinyusb/src/portable/raspberrypi/rp2040/dcd_rp2040.c.obj
                0x0000000010005168                dcd_edpt_clear_stall
 .text._hw_endpoint_buffer_control_update32.part.0.isra.0
                0x0000000010005198       0x1c CMakeFiles/ultrasonictest.dir/Users/frankenteddy/pico/pico-sdk/lib/tinyusb/src/portable/raspberrypi/rp2040/rp2040_usb.c.obj
 .text.rp2040_usb_init
                0x00000000100051b4       0x4c CMakeFiles/ultrasonictest.dir/Users/frankenteddy/pico/pico-sdk/lib/tinyusb/src/portable/raspberrypi/rp2040/rp2040_usb.c.obj
                0x00000000100051b4                rp2040_usb_init
 .text.hw_endpoint_reset_transfer
                0x0000000010005200        0xc CMakeFiles/ultrasonictest.dir/Users/frankenteddy/pico/pico-sdk/lib/tinyusb/src/portable/raspberrypi/rp2040/rp2040_usb.c.obj
                0x0000000010005200                hw_endpoint_reset_transfer
 .text._hw_endpoint_buffer_control_update32
                0x000000001000520c       0x44 CMakeFiles/ultrasonictest.dir/Users/frankenteddy/pico/pico-sdk/lib/tinyusb/src/portable/raspberrypi/rp2040/rp2040_usb.c.obj
                0x000000001000520c                _hw_endpoint_buffer_control_update32
 .text.hw_endpoint_xfer_start
                0x0000000010005250      0x138 CMakeFiles/ultrasonictest.dir/Users/frankenteddy/pico/pico-sdk/lib/tinyusb/src/portable/raspberrypi/rp2040/rp2040_usb.c.obj
                0x0000000010005250                hw_endpoint_xfer_start
 .text.hw_endpoint_xfer_continue
                0x0000000010005388      0x1e4 CMakeFiles/ultrasonictest.dir/Users/frankenteddy/pico/pico-sdk/lib/tinyusb/src/portable/raspberrypi/rp2040/rp2040_usb.c.obj
                0x0000000010005388                hw_endpoint_xfer_continue
 .text.tud_mounted
                0x000000001000556c       0x10 CMakeFiles/ultrasonictest.dir/Users/frankenteddy/pico/pico-sdk/lib/tinyusb/src/device/usbd.c.obj
                0x000000001000556c                tud_mounted
 .text.tud_suspended
                0x000000001000557c       0x10 CMakeFiles/ultrasonictest.dir/Users/frankenteddy/pico/pico-sdk/lib/tinyusb/src/device/usbd.c.obj
                0x000000001000557c                tud_suspended
 .text.tud_inited
                0x000000001000558c        0xc CMakeFiles/ultrasonictest.dir/Users/frankenteddy/pico/pico-sdk/lib/tinyusb/src/device/usbd.c.obj
                0x000000001000558c                tud_inited
 .text.tud_init
                0x0000000010005598       0xd8 CMakeFiles/ultrasonictest.dir/Users/frankenteddy/pico/pico-sdk/lib/tinyusb/src/device/usbd.c.obj
                0x0000000010005598                tud_init
 .text.tud_task
                0x0000000010005670      0x8ec CMakeFiles/ultrasonictest.dir/Users/frankenteddy/pico/pico-sdk/lib/tinyusb/src/device/usbd.c.obj
                0x0000000010005670                tud_task
 .text.dcd_event_bus_signal
                0x0000000010005f5c      0x120 CMakeFiles/ultrasonictest.dir/Users/frankenteddy/pico/pico-sdk/lib/tinyusb/src/device/usbd.c.obj
                0x0000000010005f5c                dcd_event_bus_signal
 .text.dcd_event_bus_reset
                0x000000001000607c       0x54 CMakeFiles/ultrasonictest.dir/Users/frankenteddy/pico/pico-sdk/lib/tinyusb/src/device/usbd.c.obj
                0x000000001000607c                dcd_event_bus_reset
 .text.dcd_event_setup_received
                0x00000000100060d0       0x50 CMakeFiles/ultrasonictest.dir/Users/frankenteddy/pico/pico-sdk/lib/tinyusb/src/device/usbd.c.obj
                0x00000000100060d0                dcd_event_setup_received
 .text.dcd_event_xfer_complete
                0x0000000010006120       0x68 CMakeFiles/ultrasonictest.dir/Users/frankenteddy/pico/pico-sdk/lib/tinyusb/src/device/usbd.c.obj
                0x0000000010006120                dcd_event_xfer_complete
 .text.usbd_open_edpt_pair
                0x0000000010006188       0x80 CMakeFiles/ultrasonictest.dir/Users/frankenteddy/pico/pico-sdk/lib/tinyusb/src/device/usbd.c.obj
                0x0000000010006188                usbd_open_edpt_pair
 .text.usbd_edpt_open
                0x0000000010006208       0x30 CMakeFiles/ultrasonictest.dir/Users/frankenteddy/pico/pico-sdk/lib/tinyusb/src/device/usbd.c.obj
                0x0000000010006208                usbd_edpt_open
 .text.usbd_edpt_claim
                0x0000000010006238       0x64 CMakeFiles/ultrasonictest.dir/Users/frankenteddy/pico/pico-sdk/lib/tinyusb/src/device/usbd.c.obj
                0x0000000010006238                usbd_edpt_claim
 .text.usbd_edpt_release
                0x000000001000629c       0x4c CMakeFiles/ultrasonictest.dir/Users/frankenteddy/pico/pico-sdk/lib/tinyusb/src/device/usbd.c.obj
                0x000000001000629c                usbd_edpt_release
 .text.usbd_edpt_xfer
                0x00000000100062e8       0x48 CMakeFiles/ultrasonictest.dir/Users/frankenteddy/pico/pico-sdk/lib/tinyusb/src/device/usbd.c.obj
                0x00000000100062e8                usbd_edpt_xfer
 .text.tud_control_status
                0x0000000010006330       0x30 CMakeFiles/ultrasonictest.dir/Users/frankenteddy/pico/pico-sdk/lib/tinyusb/src/device/usbd_control.c.obj
                0x0000000010006330                tud_control_status
 .text.tud_control_xfer
                0x0000000010006360       0xbc CMakeFiles/ultrasonictest.dir/Users/frankenteddy/pico/pico-sdk/lib/tinyusb/src/device/usbd_control.c.obj
                0x0000000010006360                tud_control_xfer
 .text.usbd_control_reset
                0x000000001000641c       0x14 CMakeFiles/ultrasonictest.dir/Users/frankenteddy/pico/pico-sdk/lib/tinyusb/src/device/usbd_control.c.obj
                0x000000001000641c                usbd_control_reset
 .text.usbd_control_set_complete_callback
                0x0000000010006430        0xc CMakeFiles/ultrasonictest.dir/Users/frankenteddy/pico/pico-sdk/lib/tinyusb/src/device/usbd_control.c.obj
                0x0000000010006430                usbd_control_set_complete_callback
 .text.usbd_control_set_request
                0x000000001000643c       0x1c CMakeFiles/ultrasonictest.dir/Users/frankenteddy/pico/pico-sdk/lib/tinyusb/src/device/usbd_control.c.obj
                0x000000001000643c                usbd_control_set_request
 .text.usbd_control_xfer_cb
                0x0000000010006458       0xfc CMakeFiles/ultrasonictest.dir/Users/frankenteddy/pico/pico-sdk/lib/tinyusb/src/device/usbd_control.c.obj
                0x0000000010006458                usbd_control_xfer_cb
 .text.tud_cdc_n_connected
                0x0000000010006554       0x30 CMakeFiles/ultrasonictest.dir/Users/frankenteddy/pico/pico-sdk/lib/tinyusb/src/class/cdc/cdc_device.c.obj
                0x0000000010006554                tud_cdc_n_connected
 .text.tud_cdc_n_available
                0x0000000010006584       0x18 CMakeFiles/ultrasonictest.dir/Users/frankenteddy/pico/pico-sdk/lib/tinyusb/src/class/cdc/cdc_device.c.obj
                0x0000000010006584                tud_cdc_n_available
 .text.tud_cdc_n_read
                0x000000001000659c       0x70 CMakeFiles/ultrasonictest.dir/Users/frankenteddy/pico/pico-sdk/lib/tinyusb/src/class/cdc/cdc_device.c.obj
                0x000000001000659c                tud_cdc_n_read
 .text.tud_cdc_n_write_flush
                0x000000001000660c       0x78 CMakeFiles/ultrasonictest.dir/Users/frankenteddy/pico/pico-sdk/lib/tinyusb/src/class/cdc/cdc_device.c.obj
                0x000000001000660c                tud_cdc_n_write_flush
 .text.tud_cdc_n_write
                0x0000000010006684       0x34 CMakeFiles/ultrasonictest.dir/Users/frankenteddy/pico/pico-sdk/lib/tinyusb/src/class/cdc/cdc_device.c.obj
                0x0000000010006684                tud_cdc_n_write
 .text.tud_cdc_n_write_available
                0x00000000100066b8       0x18 CMakeFiles/ultrasonictest.dir/Users/frankenteddy/pico/pico-sdk/lib/tinyusb/src/class/cdc/cdc_device.c.obj
                0x00000000100066b8                tud_cdc_n_write_available
 .text.cdcd_init
                0x00000000100066d0       0x7c CMakeFiles/ultrasonictest.dir/Users/frankenteddy/pico/pico-sdk/lib/tinyusb/src/class/cdc/cdc_device.c.obj
                0x00000000100066d0                cdcd_init
 .text.cdcd_reset
                0x000000001000674c       0x2c CMakeFiles/ultrasonictest.dir/Users/frankenteddy/pico/pico-sdk/lib/tinyusb/src/class/cdc/cdc_device.c.obj
                0x000000001000674c                cdcd_reset
 .text.cdcd_open
                0x0000000010006778       0xe4 CMakeFiles/ultrasonictest.dir/Users/frankenteddy/pico/pico-sdk/lib/tinyusb/src/class/cdc/cdc_device.c.obj
                0x0000000010006778                cdcd_open
 .text.cdcd_control_xfer_cb
                0x000000001000685c       0xe4 CMakeFiles/ultrasonictest.dir/Users/frankenteddy/pico/pico-sdk/lib/tinyusb/src/class/cdc/cdc_device.c.obj
                0x000000001000685c                cdcd_control_xfer_cb
 .text.cdcd_xfer_cb
                0x0000000010006940      0x148 CMakeFiles/ultrasonictest.dir/Users/frankenteddy/pico/pico-sdk/lib/tinyusb/src/class/cdc/cdc_device.c.obj
                0x0000000010006940                cdcd_xfer_cb
 .text.tusb_init
                0x0000000010006a88        0xc CMakeFiles/ultrasonictest.dir/Users/frankenteddy/pico/pico-sdk/lib/tinyusb/src/tusb.c.obj
                0x0000000010006a88                tusb_init
 .text.tusb_inited
                0x0000000010006a94        0x8 CMakeFiles/ultrasonictest.dir/Users/frankenteddy/pico/pico-sdk/lib/tinyusb/src/tusb.c.obj
                0x0000000010006a94                tusb_inited
 .text.tu_edpt_validate
                0x0000000010006a9c       0x78 CMakeFiles/ultrasonictest.dir/Users/frankenteddy/pico/pico-sdk/lib/tinyusb/src/tusb.c.obj
                0x0000000010006a9c                tu_edpt_validate
 .text.tu_edpt_bind_driver
                0x0000000010006b14       0x2c CMakeFiles/ultrasonictest.dir/Users/frankenteddy/pico/pico-sdk/lib/tinyusb/src/tusb.c.obj
                0x0000000010006b14                tu_edpt_bind_driver
 .text.tu_fifo_config
                0x0000000010006b40       0x78 CMakeFiles/ultrasonictest.dir/Users/frankenteddy/pico/pico-sdk/lib/tinyusb/src/common/tusb_fifo.c.obj
                0x0000000010006b40                tu_fifo_config
 .text.tu_fifo_count
                0x0000000010006bb8       0x20 CMakeFiles/ultrasonictest.dir/Users/frankenteddy/pico/pico-sdk/lib/tinyusb/src/common/tusb_fifo.c.obj
                0x0000000010006bb8                tu_fifo_count
 .text.tu_fifo_empty
                0x0000000010006bd8       0x10 CMakeFiles/ultrasonictest.dir/Users/frankenteddy/pico/pico-sdk/lib/tinyusb/src/common/tusb_fifo.c.obj
                0x0000000010006bd8                tu_fifo_empty
 .text.tu_fifo_remaining
                0x0000000010006be8       0x1c CMakeFiles/ultrasonictest.dir/Users/frankenteddy/pico/pico-sdk/lib/tinyusb/src/common/tusb_fifo.c.obj
                0x0000000010006be8                tu_fifo_remaining
 .text.tu_fifo_read
                0x0000000010006c04       0x9c CMakeFiles/ultrasonictest.dir/Users/frankenteddy/pico/pico-sdk/lib/tinyusb/src/common/tusb_fifo.c.obj
                0x0000000010006c04                tu_fifo_read
 .text.tu_fifo_read_n
                0x0000000010006ca0      0x100 CMakeFiles/ultrasonictest.dir/Users/frankenteddy/pico/pico-sdk/lib/tinyusb/src/common/tusb_fifo.c.obj
                0x0000000010006ca0                tu_fifo_read_n
 .text.tu_fifo_write
                0x0000000010006da0       0x7c CMakeFiles/ultrasonictest.dir/Users/frankenteddy/pico/pico-sdk/lib/tinyusb/src/common/tusb_fifo.c.obj
                0x0000000010006da0                tu_fifo_write
 .text.tu_fifo_write_n
                0x0000000010006e1c      0x100 CMakeFiles/ultrasonictest.dir/Users/frankenteddy/pico/pico-sdk/lib/tinyusb/src/common/tusb_fifo.c.obj
                0x0000000010006e1c                tu_fifo_write_n
 .text.tu_fifo_clear
                0x0000000010006f1c       0x4c CMakeFiles/ultrasonictest.dir/Users/frankenteddy/pico/pico-sdk/lib/tinyusb/src/common/tusb_fifo.c.obj
                0x0000000010006f1c                tu_fifo_clear
 .text.tu_fifo_set_overwritable
                0x0000000010006f68       0x3c CMakeFiles/ultrasonictest.dir/Users/frankenteddy/pico/pico-sdk/lib/tinyusb/src/common/tusb_fifo.c.obj
                0x0000000010006f68                tu_fifo_set_overwritable
 .text.startup._retrieve_unique_id_on_boot
                0x0000000010006fa4       0x10 CMakeFiles/ultrasonictest.dir/Users/frankenteddy/pico/pico-sdk/src/rp2_common/pico_unique_id/unique_id.c.obj
 .text.pico_get_unique_board_id_string
                0x0000000010006fb4      0x1a8 CMakeFiles/ultrasonictest.dir/Users/frankenteddy/pico/pico-sdk/src/rp2_common/pico_unique_id/unique_id.c.obj
                0x0000000010006fb4                pico_get_unique_board_id_string
 .text.flash_get_unique_id
                0x000000001000715c       0x40 CMakeFiles/ultrasonictest.dir/Users/frankenteddy/pico/pico-sdk/src/rp2_common/hardware_flash/flash.c.obj
                0x000000001000715c                flash_get_unique_id
 .text.adc_init
                0x000000001000719c       0x38 CMakeFiles/ultrasonictest.dir/Users/frankenteddy/pico/pico-sdk/src/rp2_common/hardware_adc/adc.c.obj
                0x000000001000719c                adc_init
 .text.strlen   0x00000000100071d4       0x5c /usr/local/Cellar/arm-none-eabi-gcc/10.3-2021.07/gcc/bin/../lib/gcc/arm-none-eabi/10.3.1/../../../../arm-none-eabi/lib/thumb/v6-m/nofp/libc.a(lib_a-strlen-stub.o)
                0x00000000100071d4                strlen
 *(.fini)
 .fini          0x0000000010007230        0x4 /usr/local/Cellar/arm-none-eabi-gcc/10.3-2021.07/gcc/bin/../lib/gcc/arm-none-eabi/10.3.1/thumb/v6-m/nofp/crti.o
                0x0000000010007230                _fini
 *fill*         0x0000000010007234        0x4 
 .fini.__stub   0x0000000010007238       0x70 linker stubs
 *crtbegin.o(.ctors)
 *crtbegin?.o(.ctors)
 *(EXCLUDE_FILE(*crtend.o *crtend?.o) .ctors)
 *(SORT_BY_NAME(.ctors.*))
 *(.ctors)
 *crtbegin.o(.dtors)
 *crtbegin?.o(.dtors)
 *(EXCLUDE_FILE(*crtend.o *crtend?.o) .dtors)
 *(SORT_BY_NAME(.dtors.*))
 *(.dtors)
 *(.eh_frame*)
 .eh_frame      0x00000000100072a8        0x0 /usr/local/Cellar/arm-none-eabi-gcc/10.3-2021.07/gcc/bin/../lib/gcc/arm-none-eabi/10.3.1/thumb/v6-m/nofp/crtbegin.o
                0x00000000100072a8                . = ALIGN (0x4)

.glue_7         0x00000000100072a8        0x0
 .glue_7        0x00000000100072a8        0x0 linker stubs

.glue_7t        0x00000000100072a8        0x0
 .glue_7t       0x00000000100072a8        0x0 linker stubs

.vfp11_veneer   0x00000000100072a8        0x0
 .vfp11_veneer  0x00000000100072a8        0x0 linker stubs

.v4_bx          0x00000000100072a8        0x0
 .v4_bx         0x00000000100072a8        0x0 linker stubs

.iplt           0x00000000100072a8        0x0
 .iplt          0x00000000100072a8        0x0 /usr/local/Cellar/arm-none-eabi-gcc/10.3-2021.07/gcc/bin/../lib/gcc/arm-none-eabi/10.3.1/thumb/v6-m/nofp/crtbegin.o

.rodata         0x00000000100072a8      0x574
 *(EXCLUDE_FILE(*libm.a: *libc.a:*lib_a-mem*.o *libgcc.a:) .rodata*)
 .rodata.main.str1.4
                0x00000000100072a8       0x56 CMakeFiles/ultrasonictest.dir/main.c.obj
 *fill*         0x00000000100072fe        0x2 
 .rodata.spin_lock_claim_unused.str1.4
                0x0000000010007300       0x1b CMakeFiles/ultrasonictest.dir/Users/frankenteddy/pico/pico-sdk/src/rp2_common/hardware_sync/sync.c.obj
 *fill*         0x000000001000731b        0x1 
 .rodata.user_irq_claim_unused.str1.4
                0x000000001000731c       0x1b CMakeFiles/ultrasonictest.dir/Users/frankenteddy/pico/pico-sdk/src/rp2_common/hardware_irq/irq.c.obj
 *fill*         0x0000000010007337        0x1 
 .rodata.hardware_alarm_claim.str1.4
                0x0000000010007338       0x22 CMakeFiles/ultrasonictest.dir/Users/frankenteddy/pico/pico-sdk/src/rp2_common/hardware_timer/timer.c.obj
 *fill*         0x000000001000735a        0x2 
 .rodata.panic.str1.4
                0x000000001000735c       0x10 CMakeFiles/ultrasonictest.dir/Users/frankenteddy/pico/pico-sdk/src/rp2_common/pico_runtime/runtime.c.obj
                                         0x12 (size before relaxing)
 .rodata.hard_assertion_failure.str1.4
                0x000000001000736c        0xc CMakeFiles/ultrasonictest.dir/Users/frankenteddy/pico/pico-sdk/src/rp2_common/pico_runtime/runtime.c.obj
 .rodata._ftoa.str1.4
                0x0000000010007378       0x15 CMakeFiles/ultrasonictest.dir/Users/frankenteddy/pico/pico-sdk/src/rp2_common/pico_printf/printf.c.obj
 *fill*         0x000000001000738d        0x3 
 .rodata._vsnprintf
                0x0000000010007390      0x1e0 CMakeFiles/ultrasonictest.dir/Users/frankenteddy/pico/pico-sdk/src/rp2_common/pico_printf/printf.c.obj
 .rodata.pow10.0
                0x0000000010007570       0x50 CMakeFiles/ultrasonictest.dir/Users/frankenteddy/pico/pico-sdk/src/rp2_common/pico_printf/printf.c.obj
 .rodata.str1.4
                0x00000000100075c0       0x44 CMakeFiles/ultrasonictest.dir/Users/frankenteddy/pico/pico-sdk/src/rp2_common/pico_standard_link/binary_info.c.obj
 .rodata.__bi_44
                0x0000000010007604        0xc CMakeFiles/ultrasonictest.dir/Users/frankenteddy/pico/pico-sdk/src/rp2_common/pico_standard_link/binary_info.c.obj
 .rodata.__bi_75
                0x0000000010007610        0xc CMakeFiles/ultrasonictest.dir/Users/frankenteddy/pico/pico-sdk/src/rp2_common/pico_standard_link/binary_info.c.obj
 .rodata.__bi_81
                0x000000001000761c        0xc CMakeFiles/ultrasonictest.dir/Users/frankenteddy/pico/pico-sdk/src/rp2_common/pico_standard_link/binary_info.c.obj
 .rodata.crlf_str.0
                0x0000000010007628        0x2 CMakeFiles/ultrasonictest.dir/Users/frankenteddy/pico/pico-sdk/src/rp2_common/pico_stdio/stdio.c.obj
 *fill*         0x000000001000762a        0x2 
 .rodata._resetd_driver
                0x000000001000762c       0x18 CMakeFiles/ultrasonictest.dir/Users/frankenteddy/pico/pico-sdk/src/rp2_common/pico_stdio_usb/reset_interface.c.obj
 .rodata.str1.4
                0x0000000010007644       0x13 CMakeFiles/ultrasonictest.dir/Users/frankenteddy/pico/pico-sdk/src/rp2_common/pico_stdio_usb/stdio_usb.c.obj
 *fill*         0x0000000010007657        0x1 
 .rodata.__bi_118.0
                0x0000000010007658        0xc CMakeFiles/ultrasonictest.dir/Users/frankenteddy/pico/pico-sdk/src/rp2_common/pico_stdio_usb/stdio_usb.c.obj
 .rodata.str1.4
                0x0000000010007664       0x2a CMakeFiles/ultrasonictest.dir/Users/frankenteddy/pico/pico-sdk/src/rp2_common/pico_stdio_usb/stdio_usb_descriptors.c.obj
 *fill*         0x000000001000768e        0x2 
 .rodata.usbd_desc_cfg
                0x0000000010007690       0x54 CMakeFiles/ultrasonictest.dir/Users/frankenteddy/pico/pico-sdk/src/rp2_common/pico_stdio_usb/stdio_usb_descriptors.c.obj
 .rodata.usbd_desc_device
                0x00000000100076e4       0x12 CMakeFiles/ultrasonictest.dir/Users/frankenteddy/pico/pico-sdk/src/rp2_common/pico_stdio_usb/stdio_usb_descriptors.c.obj
 *fill*         0x00000000100076f6        0x2 
 .rodata.usbd_desc_str
                0x00000000100076f8       0x18 CMakeFiles/ultrasonictest.dir/Users/frankenteddy/pico/pico-sdk/src/rp2_common/pico_stdio_usb/stdio_usb_descriptors.c.obj
 .rodata.dcd_rp2040_irq.str1.4
                0x0000000010007710       0x14 CMakeFiles/ultrasonictest.dir/Users/frankenteddy/pico/pico-sdk/lib/tinyusb/src/portable/raspberrypi/rp2040/dcd_rp2040.c.obj
 .rodata._hw_endpoint_buffer_control_update32.part.0.isra.0.str1.4
                0x0000000010007724       0x1f CMakeFiles/ultrasonictest.dir/Users/frankenteddy/pico/pico-sdk/lib/tinyusb/src/portable/raspberrypi/rp2040/rp2040_usb.c.obj
 *fill*         0x0000000010007743        0x1 
 .rodata.hw_endpoint_xfer_continue.str1.4
                0x0000000010007744       0x29 CMakeFiles/ultrasonictest.dir/Users/frankenteddy/pico/pico-sdk/lib/tinyusb/src/portable/raspberrypi/rp2040/rp2040_usb.c.obj
 *fill*         0x000000001000776d        0x3 
 .rodata.str1.4
                0x0000000010007770        0x7 CMakeFiles/ultrasonictest.dir/Users/frankenteddy/pico/pico-sdk/lib/tinyusb/src/portable/raspberrypi/rp2040/rp2040_usb.c.obj
 *fill*         0x0000000010007777        0x1 
 .rodata.tud_task
                0x0000000010007778       0x8c CMakeFiles/ultrasonictest.dir/Users/frankenteddy/pico/pico-sdk/lib/tinyusb/src/device/usbd.c.obj
 .rodata._usbd_driver
                0x0000000010007804       0x18 CMakeFiles/ultrasonictest.dir/Users/frankenteddy/pico/pico-sdk/lib/tinyusb/src/device/usbd.c.obj
                0x000000001000781c                . = ALIGN (0x4)
 *(SORT_BY_ALIGNMENT(SORT_BY_NAME(.flashdata*)))
                0x000000001000781c                . = ALIGN (0x4)

.rel.dyn        0x000000001000781c        0x0
 .rel.iplt      0x000000001000781c        0x0 /usr/local/Cellar/arm-none-eabi-gcc/10.3-2021.07/gcc/bin/../lib/gcc/arm-none-eabi/10.3.1/thumb/v6-m/nofp/crtbegin.o

.ARM.extab
 *(.ARM.extab* .gnu.linkonce.armextab.*)
                0x000000001000781c                __exidx_start = .

.ARM.exidx
 *(.ARM.exidx* .gnu.linkonce.armexidx.*)
                0x000000001000781c                __exidx_end = .
                0x000000001000781c                . = ALIGN (0x4)
                0x000000001000781c                __binary_info_start = .

.binary_info    0x000000001000781c       0x20
 *(.binary_info.keep.*)
 .binary_info.keep.__bi_ptr22
                0x000000001000781c        0x4 CMakeFiles/ultrasonictest.dir/Users/frankenteddy/pico/pico-sdk/src/rp2_common/pico_standard_link/binary_info.c.obj
 .binary_info.keep.__bi_ptr30
                0x0000000010007820        0x4 CMakeFiles/ultrasonictest.dir/Users/frankenteddy/pico/pico-sdk/src/rp2_common/pico_standard_link/binary_info.c.obj
 .binary_info.keep.__bi_ptr38
                0x0000000010007824        0x4 CMakeFiles/ultrasonictest.dir/Users/frankenteddy/pico/pico-sdk/src/rp2_common/pico_standard_link/binary_info.c.obj
 .binary_info.keep.__bi_ptr44
                0x0000000010007828        0x4 CMakeFiles/ultrasonictest.dir/Users/frankenteddy/pico/pico-sdk/src/rp2_common/pico_standard_link/binary_info.c.obj
 .binary_info.keep.__bi_ptr50
                0x000000001000782c        0x4 CMakeFiles/ultrasonictest.dir/Users/frankenteddy/pico/pico-sdk/src/rp2_common/pico_standard_link/binary_info.c.obj
 .binary_info.keep.__bi_ptr75
                0x0000000010007830        0x4 CMakeFiles/ultrasonictest.dir/Users/frankenteddy/pico/pico-sdk/src/rp2_common/pico_standard_link/binary_info.c.obj
 .binary_info.keep.__bi_ptr81
                0x0000000010007834        0x4 CMakeFiles/ultrasonictest.dir/Users/frankenteddy/pico/pico-sdk/src/rp2_common/pico_standard_link/binary_info.c.obj
 *(.binary_info.*)
 .binary_info.__bi_ptr118
                0x0000000010007838        0x4 CMakeFiles/ultrasonictest.dir/Users/frankenteddy/pico/pico-sdk/src/rp2_common/pico_stdio_usb/stdio_usb.c.obj
                0x000000001000783c                __binary_info_end = .
                0x000000001000783c                . = ALIGN (0x4)
                0x000000001000783c                __etext = .

.ram_vector_table
                0x0000000020000000       0xc0
 *(.ram_vector_table)
 .ram_vector_table
                0x0000000020000000       0xc0 CMakeFiles/ultrasonictest.dir/Users/frankenteddy/pico/pico-sdk/src/rp2_common/pico_runtime/runtime.c.obj
                0x0000000020000000                ram_vector_table

.data           0x00000000200000c0      0x3c0 load address 0x000000001000783c
                0x00000000200000c0                __data_start__ = .
 *(vtable)
 *(.time_critical*)
 .time_critical.mutex_enter_blocking
                0x00000000200000c0       0x48 CMakeFiles/ultrasonictest.dir/Users/frankenteddy/pico/pico-sdk/src/common/pico_sync/mutex.c.obj
                0x00000000200000c0                mutex_enter_blocking
 .time_critical.mutex_try_enter
                0x0000000020000108       0x44 CMakeFiles/ultrasonictest.dir/Users/frankenteddy/pico/pico-sdk/src/common/pico_sync/mutex.c.obj
                0x0000000020000108                mutex_try_enter
 .time_critical.mutex_enter_timeout_ms
                0x000000002000014c       0xa0 CMakeFiles/ultrasonictest.dir/Users/frankenteddy/pico/pico-sdk/src/common/pico_sync/mutex.c.obj
                0x000000002000014c                mutex_enter_timeout_ms
 .time_critical.mutex_exit
                0x00000000200001ec       0x28 CMakeFiles/ultrasonictest.dir/Users/frankenteddy/pico/pico-sdk/src/common/pico_sync/mutex.c.obj
                0x00000000200001ec                mutex_exit
 .time_critical.flash_init_boot2_copyout
                0x0000000020000214       0x30 CMakeFiles/ultrasonictest.dir/Users/frankenteddy/pico/pico-sdk/src/rp2_common/hardware_flash/flash.c.obj
 .time_critical.flash_enable_xip_via_boot2
                0x0000000020000244       0x10 CMakeFiles/ultrasonictest.dir/Users/frankenteddy/pico/pico-sdk/src/rp2_common/hardware_flash/flash.c.obj
 .time_critical.flash_cs_force
                0x0000000020000254       0x38 CMakeFiles/ultrasonictest.dir/Users/frankenteddy/pico/pico-sdk/src/rp2_common/hardware_flash/flash.c.obj
 .time_critical.flash_do_cmd
                0x000000002000028c       0xc4 CMakeFiles/ultrasonictest.dir/Users/frankenteddy/pico/pico-sdk/src/rp2_common/hardware_flash/flash.c.obj
                0x000000002000028c                flash_do_cmd
 *(.text*)
 .text          0x0000000020000350        0x4 /usr/local/Cellar/arm-none-eabi-gcc/10.3-2021.07/gcc/bin/../lib/gcc/arm-none-eabi/10.3.1/thumb/v6-m/nofp/libgcc.a(_dvmd_tls.o)
                0x0000000020000350                __aeabi_ldiv0
                0x0000000020000350                __aeabi_idiv0
 *fill*         0x0000000020000354        0x4 
 .text.__stub   0x0000000020000358       0x30 linker stubs
                0x0000000020000388                . = ALIGN (0x4)
 *(.rodata*)
                0x0000000020000388                . = ALIGN (0x4)
 *(.data*)
 .data.striped_spin_lock_num
                0x0000000020000388        0x1 CMakeFiles/ultrasonictest.dir/Users/frankenteddy/pico/pico-sdk/src/rp2_common/hardware_sync/sync.c.obj
 *fill*         0x0000000020000389        0x3 
 .data          0x000000002000038c       0x48 CMakeFiles/ultrasonictest.dir/Users/frankenteddy/pico/pico-sdk/src/rp2_common/hardware_irq/irq_handler_chain.S.obj
                0x000000002000038c                irq_handler_chain_slots
                0x00000000200003bc                irq_handler_chain_first_slot
                0x00000000200003c6                irq_handler_chain_remove_tail
 .data.default_alarm_pool
                0x00000000200003d4       0x18 CMakeFiles/ultrasonictest.dir/Users/frankenteddy/pico/pico-sdk/src/common/pico_time/time.c.obj
 .data.default_alarm_pool_heap
                0x00000000200003ec       0x10 CMakeFiles/ultrasonictest.dir/Users/frankenteddy/pico/pico-sdk/src/common/pico_time/time.c.obj
 *fill*         0x00000000200003fc        0x4 
 .data.aeabi_bits_funcs
                0x0000000020000400       0x10 CMakeFiles/ultrasonictest.dir/Users/frankenteddy/pico/pico-sdk/src/rp2_common/pico_bit_ops/bit_ops_aeabi.S.obj
                0x0000000020000400                aeabi_bits_funcs
                0x0000000020000410                aeabi_bits_funcs_end
 .data.aeabi_mem_funcs
                0x0000000020000410       0x10 CMakeFiles/ultrasonictest.dir/Users/frankenteddy/pico/pico-sdk/src/rp2_common/pico_mem_ops/mem_ops_aeabi.S.obj
                0x0000000020000410                aeabi_mem_funcs
                0x0000000020000420                aeabi_mem_funcs_end
 .data.stdio_usb
                0x0000000020000420       0x14 CMakeFiles/ultrasonictest.dir/Users/frankenteddy/pico/pico-sdk/src/rp2_common/pico_stdio_usb/stdio_usb.c.obj
                0x0000000020000420                stdio_usb
 .data.ep_dir_string
                0x0000000020000434        0x8 CMakeFiles/ultrasonictest.dir/Users/frankenteddy/pico/pico-sdk/lib/tinyusb/src/portable/raspberrypi/rp2040/rp2040_usb.c.obj
                0x0000000020000434                ep_dir_string
 .data._usbd_qdef
                0x000000002000043c       0x24 CMakeFiles/ultrasonictest.dir/Users/frankenteddy/pico/pico-sdk/lib/tinyusb/src/device/usbd.c.obj
                0x000000002000043c                _usbd_qdef
                0x0000000020000460                . = ALIGN (0x4)
 *(.after_data.*)
                0x0000000020000460                . = ALIGN (0x4)
                0x0000000020000460                PROVIDE (__mutex_array_start = .)
 *(SORT_BY_NAME(.mutex_array.*))
 *(.mutex_array)
 .mutex_array   0x0000000020000460        0x8 CMakeFiles/ultrasonictest.dir/Users/frankenteddy/pico/pico-sdk/src/rp2_common/pico_stdio/stdio.c.obj
                0x0000000020000468                PROVIDE (__mutex_array_end = .)
                0x0000000020000468                . = ALIGN (0x4)
                0x0000000020000468                PROVIDE (__preinit_array_start = .)
 *(SORT_BY_NAME(.preinit_array.*))
 .preinit_array.00001
                0x0000000020000468        0x4 CMakeFiles/ultrasonictest.dir/Users/frankenteddy/pico/pico-sdk/src/rp2_common/pico_mem_ops/mem_ops_aeabi.S.obj
 .preinit_array.00010
                0x000000002000046c        0x4 CMakeFiles/ultrasonictest.dir/Users/frankenteddy/pico/pico-sdk/src/rp2_common/pico_bit_ops/bit_ops_aeabi.S.obj
 .preinit_array.00020
                0x0000000020000470        0x4 CMakeFiles/ultrasonictest.dir/Users/frankenteddy/pico/pico-sdk/src/rp2_common/pico_double/double_aeabi.S.obj
 .preinit_array.00020
                0x0000000020000474        0x4 CMakeFiles/ultrasonictest.dir/Users/frankenteddy/pico/pico-sdk/src/rp2_common/pico_float/float_aeabi.S.obj
 *(.preinit_array)
                0x0000000020000478                PROVIDE (__preinit_array_end = .)
                0x0000000020000478                . = ALIGN (0x4)
                0x0000000020000478                PROVIDE (__init_array_start = .)
 *(SORT_BY_NAME(.init_array.*))
 *(.init_array)
 .init_array    0x0000000020000478        0x4 /usr/local/Cellar/arm-none-eabi-gcc/10.3-2021.07/gcc/bin/../lib/gcc/arm-none-eabi/10.3.1/thumb/v6-m/nofp/crtbegin.o
 .init_array    0x000000002000047c        0x4 CMakeFiles/ultrasonictest.dir/Users/frankenteddy/pico/pico-sdk/src/rp2_common/pico_unique_id/unique_id.c.obj
                0x0000000020000480                PROVIDE (__init_array_end = .)
                0x0000000020000480                . = ALIGN (0x4)
                [!provide]                        PROVIDE (__fini_array_start = .)
 *(SORT_BY_NAME(.fini_array.*))
 *(.fini_array)
                [!provide]                        PROVIDE (__fini_array_end = .)
 *(.jcr)
                0x0000000020000480                . = ALIGN (0x4)
                0x0000000020000480                __data_end__ = .

.igot.plt       0x0000000020000480        0x0 load address 0x0000000010007bfc
 .igot.plt      0x0000000020000480        0x0 /usr/local/Cellar/arm-none-eabi-gcc/10.3-2021.07/gcc/bin/../lib/gcc/arm-none-eabi/10.3.1/thumb/v6-m/nofp/crtbegin.o

.uninitialized_data
                0x0000000020000480        0x0 load address 0x0000000010007bfc
                0x0000000020000480                . = ALIGN (0x4)
 *(.uninitialized_data*)

.scratch_x      0x0000000020040000        0x0 load address 0x0000000010007bfc
                0x0000000020040000                __scratch_x_start__ = .
 *(.scratch_x.*)
                0x0000000020040000                . = ALIGN (0x4)
                0x0000000020040000                __scratch_x_end__ = .
                0x0000000010007bfc                __scratch_x_source__ = LOADADDR (.scratch_x)

.scratch_y      0x0000000020041000        0x0 load address 0x0000000010007bfc
                0x0000000020041000                __scratch_y_start__ = .
 *(.scratch_y.*)
                0x0000000020041000                . = ALIGN (0x4)
                0x0000000020041000                __scratch_y_end__ = .
                0x0000000010007bfc                __scratch_y_source__ = LOADADDR (.scratch_y)

.bss            0x0000000020000480      0xd88
                0x0000000020000480                . = ALIGN (0x4)
                0x0000000020000480                __bss_start__ = .
 *(SORT_BY_ALIGNMENT(SORT_BY_NAME(.bss*)))
 .bss.default_alarm_pool_entries
                0x0000000020000480      0x100 CMakeFiles/ultrasonictest.dir/Users/frankenteddy/pico/pico-sdk/src/common/pico_time/time.c.obj
 .bss.last_avail_time.1
                0x0000000020000580        0x8 CMakeFiles/ultrasonictest.dir/Users/frankenteddy/pico/pico-sdk/src/rp2_common/pico_stdio_usb/stdio_usb.c.obj
 .bss.sd_table  0x0000000020000588      0x100 CMakeFiles/ultrasonictest.dir/Users/frankenteddy/pico/pico-sdk/src/rp2_common/pico_double/double_init_rom.c.obj
                0x0000000020000588                sd_table
 .bss.sf_table  0x0000000020000688      0x100 CMakeFiles/ultrasonictest.dir/Users/frankenteddy/pico/pico-sdk/src/rp2_common/pico_float/float_init_rom.c.obj
                0x0000000020000688                sf_table
 .bss           0x0000000020000788       0x1c /usr/local/Cellar/arm-none-eabi-gcc/10.3-2021.07/gcc/bin/../lib/gcc/arm-none-eabi/10.3.1/thumb/v6-m/nofp/crtbegin.o
 .bss._app_driver
                0x00000000200007a4        0x4 CMakeFiles/ultrasonictest.dir/Users/frankenteddy/pico/pico-sdk/lib/tinyusb/src/device/usbd.c.obj
 .bss._cdcd_itf
                0x00000000200007a8      0x2d8 CMakeFiles/ultrasonictest.dir/Users/frankenteddy/pico/pico-sdk/lib/tinyusb/src/class/cdc/cdc_device.c.obj
 .bss._ctrl_xfer
                0x0000000020000a80       0x14 CMakeFiles/ultrasonictest.dir/Users/frankenteddy/pico/pico-sdk/lib/tinyusb/src/device/usbd_control.c.obj
 .bss._ubsd_mutexdef
                0x0000000020000a94        0x8 CMakeFiles/ultrasonictest.dir/Users/frankenteddy/pico/pico-sdk/lib/tinyusb/src/device/usbd.c.obj
 .bss._usbd_ctrl_buf
                0x0000000020000a9c       0x40 CMakeFiles/ultrasonictest.dir/Users/frankenteddy/pico/pico-sdk/lib/tinyusb/src/device/usbd_control.c.obj
 .bss._usbd_dev
                0x0000000020000adc       0x53 CMakeFiles/ultrasonictest.dir/Users/frankenteddy/pico/pico-sdk/lib/tinyusb/src/device/usbd.c.obj
 *fill*         0x0000000020000b2f        0x1 
 .bss._usbd_mutex
                0x0000000020000b30        0x4 CMakeFiles/ultrasonictest.dir/Users/frankenteddy/pico/pico-sdk/lib/tinyusb/src/device/usbd.c.obj
 .bss._usbd_q   0x0000000020000b34        0x4 CMakeFiles/ultrasonictest.dir/Users/frankenteddy/pico/pico-sdk/lib/tinyusb/src/device/usbd.c.obj
 .bss._usbd_qdef_buf
                0x0000000020000b38       0xc0 CMakeFiles/ultrasonictest.dir/Users/frankenteddy/pico/pico-sdk/lib/tinyusb/src/device/usbd.c.obj
                0x0000000020000b38                _usbd_qdef_buf
 .bss.alarm_callbacks
                0x0000000020000bf8       0x10 CMakeFiles/ultrasonictest.dir/Users/frankenteddy/pico/pico-sdk/src/rp2_common/hardware_timer/timer.c.obj
 .bss.boot2_copyout
                0x0000000020000c08      0x100 CMakeFiles/ultrasonictest.dir/Users/frankenteddy/pico/pico-sdk/src/rp2_common/hardware_flash/flash.c.obj
 .bss.claimed   0x0000000020000d08        0x4 CMakeFiles/ultrasonictest.dir/Users/frankenteddy/pico/pico-sdk/src/rp2_common/hardware_sync/sync.c.obj
 .bss.configured_freq
                0x0000000020000d0c       0x28 CMakeFiles/ultrasonictest.dir/Users/frankenteddy/pico/pico-sdk/src/rp2_common/hardware_clocks/clocks.c.obj
 .bss.default_alarm_pool_entry_ids_high
                0x0000000020000d34       0x10 CMakeFiles/ultrasonictest.dir/Users/frankenteddy/pico/pico-sdk/src/common/pico_time/time.c.obj
 .bss.default_alarm_pool_heap_nodes
                0x0000000020000d44       0x30 CMakeFiles/ultrasonictest.dir/Users/frankenteddy/pico/pico-sdk/src/common/pico_time/time.c.obj
 .bss.desc_str.0
                0x0000000020000d74       0x28 CMakeFiles/ultrasonictest.dir/Users/frankenteddy/pico/pico-sdk/src/rp2_common/pico_stdio_usb/stdio_usb_descriptors.c.obj
 .bss.drivers   0x0000000020000d9c        0x4 CMakeFiles/ultrasonictest.dir/Users/frankenteddy/pico/pico-sdk/src/rp2_common/pico_stdio/stdio.c.obj
 .bss.filter    0x0000000020000da0        0x4 CMakeFiles/ultrasonictest.dir/Users/frankenteddy/pico/pico-sdk/src/rp2_common/pico_stdio/stdio.c.obj
 .bss.hw_endpoints
                0x0000000020000da4      0x400 CMakeFiles/ultrasonictest.dir/Users/frankenteddy/pico/pico-sdk/lib/tinyusb/src/portable/raspberrypi/rp2040/dcd_rp2040.c.obj
 .bss.lazy_vsnprintf
                0x00000000200011a4        0x4 CMakeFiles/ultrasonictest.dir/Users/frankenteddy/pico/pico-sdk/src/rp2_common/pico_printf/printf.c.obj
 .bss.load_value
                0x00000000200011a8        0x4 CMakeFiles/ultrasonictest.dir/Users/frankenteddy/pico/pico-sdk/src/rp2_common/hardware_watchdog/watchdog.c.obj
 .bss.next_buffer_ptr
                0x00000000200011ac        0x4 CMakeFiles/ultrasonictest.dir/Users/frankenteddy/pico/pico-sdk/lib/tinyusb/src/portable/raspberrypi/rp2040/dcd_rp2040.c.obj
 .bss.pools     0x00000000200011b0       0x10 CMakeFiles/ultrasonictest.dir/Users/frankenteddy/pico/pico-sdk/src/common/pico_time/time.c.obj
 .bss.retrieved_id
                0x00000000200011c0        0x8 CMakeFiles/ultrasonictest.dir/Users/frankenteddy/pico/pico-sdk/src/rp2_common/pico_unique_id/unique_id.c.obj
 .bss.sf_clz_func
                0x00000000200011c8        0x4 CMakeFiles/ultrasonictest.dir/Users/frankenteddy/pico/pico-sdk/src/rp2_common/pico_double/double_init_rom.c.obj
                0x00000000200011c8                sf_clz_func
 .bss.sleep_notifier
                0x00000000200011cc        0x4 CMakeFiles/ultrasonictest.dir/Users/frankenteddy/pico/pico-sdk/src/common/pico_time/time.c.obj
 .bss.stdio_usb_mutex
                0x00000000200011d0        0x8 CMakeFiles/ultrasonictest.dir/Users/frankenteddy/pico/pico-sdk/src/rp2_common/pico_stdio_usb/stdio_usb.c.obj
 .bss.target_hi
                0x00000000200011d8       0x10 CMakeFiles/ultrasonictest.dir/Users/frankenteddy/pico/pico-sdk/src/rp2_common/hardware_timer/timer.c.obj
 .bss.usbd_serial_str
                0x00000000200011e8       0x11 CMakeFiles/ultrasonictest.dir/Users/frankenteddy/pico/pico-sdk/src/rp2_common/pico_stdio_usb/stdio_usb_descriptors.c.obj
 *fill*         0x00000000200011f9        0x3 
 .bss.user_irq_claimed
                0x00000000200011fc        0x2 CMakeFiles/ultrasonictest.dir/Users/frankenteddy/pico/pico-sdk/src/rp2_common/hardware_irq/irq.c.obj
 .bss._app_driver_count
                0x00000000200011fe        0x1 CMakeFiles/ultrasonictest.dir/Users/frankenteddy/pico/pico-sdk/lib/tinyusb/src/device/usbd.c.obj
 .bss._usbd_initialized
                0x00000000200011ff        0x1 CMakeFiles/ultrasonictest.dir/Users/frankenteddy/pico/pico-sdk/lib/tinyusb/src/device/usbd.c.obj
 .bss.boot2_copyout_valid
                0x0000000020001200        0x1 CMakeFiles/ultrasonictest.dir/Users/frankenteddy/pico/pico-sdk/src/rp2_common/hardware_flash/flash.c.obj
 .bss.claimed   0x0000000020001201        0x1 CMakeFiles/ultrasonictest.dir/Users/frankenteddy/pico/pico-sdk/src/rp2_common/hardware_timer/timer.c.obj
 .bss.irq_hander_chain_free_slot_head
                0x0000000020001202        0x1 CMakeFiles/ultrasonictest.dir/Users/frankenteddy/pico/pico-sdk/src/rp2_common/hardware_irq/irq.c.obj
 .bss.itf_num   0x0000000020001203        0x1 CMakeFiles/ultrasonictest.dir/Users/frankenteddy/pico/pico-sdk/src/rp2_common/pico_stdio_usb/reset_interface.c.obj
 .bss.low_priority_irq_num
                0x0000000020001204        0x1 CMakeFiles/ultrasonictest.dir/Users/frankenteddy/pico/pico-sdk/src/rp2_common/pico_stdio_usb/stdio_usb.c.obj
 .bss.timer_callbacks_pending
                0x0000000020001205        0x1 CMakeFiles/ultrasonictest.dir/Users/frankenteddy/pico/pico-sdk/src/rp2_common/hardware_timer/timer.c.obj
 *(COMMON)
                0x0000000020001208                . = ALIGN (0x4)
 *fill*         0x0000000020001206        0x2 
                0x0000000020001208                __bss_end__ = .

.heap           0x0000000020001208      0x800
                0x0000000020001208                __end__ = .
                0x0000000020001208                end = __end__
 *(.heap*)
 .heap          0x0000000020001208      0x800 CMakeFiles/ultrasonictest.dir/Users/frankenteddy/pico/pico-sdk/src/rp2_common/pico_standard_link/crt0.S.obj
                0x0000000020001a08                __HeapLimit = .

.stack1_dummy   0x0000000020040000        0x0
 *(.stack1*)

.stack_dummy    0x0000000020041000      0x800
 *(.stack*)
 .stack         0x0000000020041000      0x800 CMakeFiles/ultrasonictest.dir/Users/frankenteddy/pico/pico-sdk/src/rp2_common/pico_standard_link/crt0.S.obj

.flash_end      0x0000000010007bfc        0x0
                0x0000000010007bfc                __flash_binary_end = .
                0x0000000020040000                __StackLimit = (ORIGIN (RAM) + LENGTH (RAM))
                0x0000000020041000                __StackOneTop = (ORIGIN (SCRATCH_X) + LENGTH (SCRATCH_X))
                0x0000000020042000                __StackTop = (ORIGIN (SCRATCH_Y) + LENGTH (SCRATCH_Y))
                0x0000000020041000                __StackOneBottom = (__StackOneTop - SIZEOF (.stack1_dummy))
                0x0000000020041800                __StackBottom = (__StackTop - SIZEOF (.stack_dummy))
                0x0000000020042000                PROVIDE (__stack = __StackTop)
                0x0000000000000001                ASSERT ((__StackLimit >= __HeapLimit), region RAM overflowed)
                0x0000000000000001                ASSERT (((__binary_info_header_end - __logical_binary_start) <= 0x100), Binary info must be in first 256 bytes of the binary)
LOAD CMakeFiles/ultrasonictest.dir/main.c.obj
LOAD CMakeFiles/ultrasonictest.dir/Users/frankenteddy/pico/pico-sdk/src/rp2_common/pico_stdlib/stdlib.c.obj
LOAD CMakeFiles/ultrasonictest.dir/Users/frankenteddy/pico/pico-sdk/src/rp2_common/hardware_gpio/gpio.c.obj
LOAD CMakeFiles/ultrasonictest.dir/Users/frankenteddy/pico/pico-sdk/src/rp2_common/hardware_claim/claim.c.obj
LOAD CMakeFiles/ultrasonictest.dir/Users/frankenteddy/pico/pico-sdk/src/rp2_common/pico_platform/platform.c.obj
LOAD CMakeFiles/ultrasonictest.dir/Users/frankenteddy/pico/pico-sdk/src/rp2_common/hardware_sync/sync.c.obj
LOAD CMakeFiles/ultrasonictest.dir/Users/frankenteddy/pico/pico-sdk/src/rp2_common/hardware_irq/irq.c.obj
LOAD CMakeFiles/ultrasonictest.dir/Users/frankenteddy/pico/pico-sdk/src/rp2_common/hardware_irq/irq_handler_chain.S.obj
LOAD CMakeFiles/ultrasonictest.dir/Users/frankenteddy/pico/pico-sdk/src/common/pico_sync/sem.c.obj
LOAD CMakeFiles/ultrasonictest.dir/Users/frankenteddy/pico/pico-sdk/src/common/pico_sync/lock_core.c.obj
LOAD CMakeFiles/ultrasonictest.dir/Users/frankenteddy/pico/pico-sdk/src/common/pico_time/time.c.obj
LOAD CMakeFiles/ultrasonictest.dir/Users/frankenteddy/pico/pico-sdk/src/common/pico_time/timeout_helper.c.obj
LOAD CMakeFiles/ultrasonictest.dir/Users/frankenteddy/pico/pico-sdk/src/rp2_common/hardware_timer/timer.c.obj
LOAD CMakeFiles/ultrasonictest.dir/Users/frankenteddy/pico/pico-sdk/src/common/pico_util/datetime.c.obj
LOAD CMakeFiles/ultrasonictest.dir/Users/frankenteddy/pico/pico-sdk/src/common/pico_util/pheap.c.obj
LOAD CMakeFiles/ultrasonictest.dir/Users/frankenteddy/pico/pico-sdk/src/common/pico_util/queue.c.obj
LOAD CMakeFiles/ultrasonictest.dir/Users/frankenteddy/pico/pico-sdk/src/common/pico_sync/mutex.c.obj
LOAD CMakeFiles/ultrasonictest.dir/Users/frankenteddy/pico/pico-sdk/src/common/pico_sync/critical_section.c.obj
LOAD CMakeFiles/ultrasonictest.dir/Users/frankenteddy/pico/pico-sdk/src/rp2_common/hardware_uart/uart.c.obj
LOAD CMakeFiles/ultrasonictest.dir/Users/frankenteddy/pico/pico-sdk/src/rp2_common/hardware_divider/divider.S.obj
LOAD CMakeFiles/ultrasonictest.dir/Users/frankenteddy/pico/pico-sdk/src/rp2_common/pico_runtime/runtime.c.obj
LOAD CMakeFiles/ultrasonictest.dir/Users/frankenteddy/pico/pico-sdk/src/rp2_common/hardware_clocks/clocks.c.obj
LOAD CMakeFiles/ultrasonictest.dir/Users/frankenteddy/pico/pico-sdk/src/rp2_common/hardware_pll/pll.c.obj
LOAD CMakeFiles/ultrasonictest.dir/Users/frankenteddy/pico/pico-sdk/src/rp2_common/hardware_vreg/vreg.c.obj
LOAD CMakeFiles/ultrasonictest.dir/Users/frankenteddy/pico/pico-sdk/src/rp2_common/hardware_watchdog/watchdog.c.obj
LOAD CMakeFiles/ultrasonictest.dir/Users/frankenteddy/pico/pico-sdk/src/rp2_common/hardware_xosc/xosc.c.obj
LOAD CMakeFiles/ultrasonictest.dir/Users/frankenteddy/pico/pico-sdk/src/rp2_common/pico_printf/printf.c.obj
LOAD CMakeFiles/ultrasonictest.dir/Users/frankenteddy/pico/pico-sdk/src/rp2_common/pico_bit_ops/bit_ops_aeabi.S.obj
LOAD CMakeFiles/ultrasonictest.dir/Users/frankenteddy/pico/pico-sdk/src/rp2_common/pico_bootrom/bootrom.c.obj
LOAD CMakeFiles/ultrasonictest.dir/Users/frankenteddy/pico/pico-sdk/src/rp2_common/pico_divider/divider.S.obj
LOAD CMakeFiles/ultrasonictest.dir/Users/frankenteddy/pico/pico-sdk/src/rp2_common/pico_double/double_aeabi.S.obj
LOAD CMakeFiles/ultrasonictest.dir/Users/frankenteddy/pico/pico-sdk/src/rp2_common/pico_double/double_init_rom.c.obj
LOAD CMakeFiles/ultrasonictest.dir/Users/frankenteddy/pico/pico-sdk/src/rp2_common/pico_double/double_math.c.obj
LOAD CMakeFiles/ultrasonictest.dir/Users/frankenteddy/pico/pico-sdk/src/rp2_common/pico_double/double_v1_rom_shim.S.obj
LOAD CMakeFiles/ultrasonictest.dir/Users/frankenteddy/pico/pico-sdk/src/rp2_common/pico_int64_ops/pico_int64_ops_aeabi.S.obj
LOAD CMakeFiles/ultrasonictest.dir/Users/frankenteddy/pico/pico-sdk/src/rp2_common/pico_float/float_aeabi.S.obj
LOAD CMakeFiles/ultrasonictest.dir/Users/frankenteddy/pico/pico-sdk/src/rp2_common/pico_float/float_init_rom.c.obj
LOAD CMakeFiles/ultrasonictest.dir/Users/frankenteddy/pico/pico-sdk/src/rp2_common/pico_float/float_math.c.obj
LOAD CMakeFiles/ultrasonictest.dir/Users/frankenteddy/pico/pico-sdk/src/rp2_common/pico_float/float_v1_rom_shim.S.obj
LOAD CMakeFiles/ultrasonictest.dir/Users/frankenteddy/pico/pico-sdk/src/rp2_common/pico_malloc/pico_malloc.c.obj
LOAD CMakeFiles/ultrasonictest.dir/Users/frankenteddy/pico/pico-sdk/src/rp2_common/pico_mem_ops/mem_ops_aeabi.S.obj
LOAD CMakeFiles/ultrasonictest.dir/Users/frankenteddy/pico/pico-sdk/src/rp2_common/pico_standard_link/crt0.S.obj
LOAD CMakeFiles/ultrasonictest.dir/Users/frankenteddy/pico/pico-sdk/src/rp2_common/pico_standard_link/new_delete.cpp.obj
LOAD CMakeFiles/ultrasonictest.dir/Users/frankenteddy/pico/pico-sdk/src/rp2_common/pico_standard_link/binary_info.c.obj
LOAD CMakeFiles/ultrasonictest.dir/Users/frankenteddy/pico/pico-sdk/src/rp2_common/pico_stdio/stdio.c.obj
LOAD CMakeFiles/ultrasonictest.dir/Users/frankenteddy/pico/pico-sdk/src/rp2_common/pico_stdio_usb/reset_interface.c.obj
LOAD CMakeFiles/ultrasonictest.dir/Users/frankenteddy/pico/pico-sdk/src/rp2_common/pico_stdio_usb/stdio_usb.c.obj
LOAD CMakeFiles/ultrasonictest.dir/Users/frankenteddy/pico/pico-sdk/src/rp2_common/pico_stdio_usb/stdio_usb_descriptors.c.obj
LOAD CMakeFiles/ultrasonictest.dir/Users/frankenteddy/pico/pico-sdk/lib/tinyusb/src/portable/raspberrypi/rp2040/dcd_rp2040.c.obj
LOAD CMakeFiles/ultrasonictest.dir/Users/frankenteddy/pico/pico-sdk/lib/tinyusb/src/portable/raspberrypi/rp2040/rp2040_usb.c.obj
LOAD CMakeFiles/ultrasonictest.dir/Users/frankenteddy/pico/pico-sdk/lib/tinyusb/src/device/usbd.c.obj
LOAD CMakeFiles/ultrasonictest.dir/Users/frankenteddy/pico/pico-sdk/lib/tinyusb/src/device/usbd_control.c.obj
LOAD CMakeFiles/ultrasonictest.dir/Users/frankenteddy/pico/pico-sdk/lib/tinyusb/src/class/audio/audio_device.c.obj
LOAD CMakeFiles/ultrasonictest.dir/Users/frankenteddy/pico/pico-sdk/lib/tinyusb/src/class/cdc/cdc_device.c.obj
LOAD CMakeFiles/ultrasonictest.dir/Users/frankenteddy/pico/pico-sdk/lib/tinyusb/src/class/dfu/dfu_device.c.obj
LOAD CMakeFiles/ultrasonictest.dir/Users/frankenteddy/pico/pico-sdk/lib/tinyusb/src/class/dfu/dfu_rt_device.c.obj
LOAD CMakeFiles/ultrasonictest.dir/Users/frankenteddy/pico/pico-sdk/lib/tinyusb/src/class/hid/hid_device.c.obj
LOAD CMakeFiles/ultrasonictest.dir/Users/frankenteddy/pico/pico-sdk/lib/tinyusb/src/class/midi/midi_device.c.obj
LOAD CMakeFiles/ultrasonictest.dir/Users/frankenteddy/pico/pico-sdk/lib/tinyusb/src/class/msc/msc_device.c.obj
LOAD CMakeFiles/ultrasonictest.dir/Users/frankenteddy/pico/pico-sdk/lib/tinyusb/src/class/net/ecm_rndis_device.c.obj
LOAD CMakeFiles/ultrasonictest.dir/Users/frankenteddy/pico/pico-sdk/lib/tinyusb/src/class/net/ncm_device.c.obj
LOAD CMakeFiles/ultrasonictest.dir/Users/frankenteddy/pico/pico-sdk/lib/tinyusb/src/class/usbtmc/usbtmc_device.c.obj
LOAD CMakeFiles/ultrasonictest.dir/Users/frankenteddy/pico/pico-sdk/lib/tinyusb/src/class/vendor/vendor_device.c.obj
LOAD CMakeFiles/ultrasonictest.dir/Users/frankenteddy/pico/pico-sdk/lib/tinyusb/src/class/video/video_device.c.obj
LOAD CMakeFiles/ultrasonictest.dir/Users/frankenteddy/pico/pico-sdk/lib/tinyusb/src/tusb.c.obj
LOAD CMakeFiles/ultrasonictest.dir/Users/frankenteddy/pico/pico-sdk/lib/tinyusb/src/common/tusb_fifo.c.obj
LOAD CMakeFiles/ultrasonictest.dir/Users/frankenteddy/pico/pico-sdk/src/rp2_common/pico_fix/rp2040_usb_device_enumeration/rp2040_usb_device_enumeration.c.obj
LOAD CMakeFiles/ultrasonictest.dir/Users/frankenteddy/pico/pico-sdk/src/rp2_common/pico_unique_id/unique_id.c.obj
LOAD CMakeFiles/ultrasonictest.dir/Users/frankenteddy/pico/pico-sdk/src/rp2_common/hardware_flash/flash.c.obj
LOAD CMakeFiles/ultrasonictest.dir/Users/frankenteddy/pico/pico-sdk/src/rp2_common/hardware_adc/adc.c.obj
LOAD /var/folders/h3/3z26yjnj5j1fbx4yjyb_fgvm0000gn/T//ccF5hsAw.o
LOAD /usr/local/Cellar/arm-none-eabi-gcc/10.3-2021.07/gcc/bin/../lib/gcc/arm-none-eabi/10.3.1/../../../../arm-none-eabi/lib/thumb/v6-m/nofp/libstdc++.a
LOAD /usr/local/Cellar/arm-none-eabi-gcc/10.3-2021.07/gcc/bin/../lib/gcc/arm-none-eabi/10.3.1/../../../../arm-none-eabi/lib/thumb/v6-m/nofp/libm.a
START GROUP
LOAD /usr/local/Cellar/arm-none-eabi-gcc/10.3-2021.07/gcc/bin/../lib/gcc/arm-none-eabi/10.3.1/thumb/v6-m/nofp/libgcc.a
LOAD /usr/local/Cellar/arm-none-eabi-gcc/10.3-2021.07/gcc/bin/../lib/gcc/arm-none-eabi/10.3.1/../../../../arm-none-eabi/lib/thumb/v6-m/nofp/libc.a
END GROUP
START GROUP
LOAD /usr/local/Cellar/arm-none-eabi-gcc/10.3-2021.07/gcc/bin/../lib/gcc/arm-none-eabi/10.3.1/thumb/v6-m/nofp/libgcc.a
LOAD /usr/local/Cellar/arm-none-eabi-gcc/10.3-2021.07/gcc/bin/../lib/gcc/arm-none-eabi/10.3.1/../../../../arm-none-eabi/lib/thumb/v6-m/nofp/libc.a
LOAD /usr/local/Cellar/arm-none-eabi-gcc/10.3-2021.07/gcc/bin/../lib/gcc/arm-none-eabi/10.3.1/../../../../arm-none-eabi/lib/thumb/v6-m/nofp/libnosys.a
END GROUP
LOAD /usr/local/Cellar/arm-none-eabi-gcc/10.3-2021.07/gcc/bin/../lib/gcc/arm-none-eabi/10.3.1/thumb/v6-m/nofp/crtend.o
LOAD /usr/local/Cellar/arm-none-eabi-gcc/10.3-2021.07/gcc/bin/../lib/gcc/arm-none-eabi/10.3.1/thumb/v6-m/nofp/crtn.o
OUTPUT(ultrasonictest.elf elf32-littlearm)
LOAD linker stubs

.ARM.attributes
                0x0000000000000000       0x28
 .ARM.attributes
                0x0000000000000000       0x1e /usr/local/Cellar/arm-none-eabi-gcc/10.3-2021.07/gcc/bin/../lib/gcc/arm-none-eabi/10.3.1/thumb/v6-m/nofp/crti.o
 .ARM.attributes
                0x000000000000001e       0x2c /usr/local/Cellar/arm-none-eabi-gcc/10.3-2021.07/gcc/bin/../lib/gcc/arm-none-eabi/10.3.1/thumb/v6-m/nofp/crtbegin.o
 .ARM.attributes
                0x000000000000004a       0x2c CMakeFiles/ultrasonictest.dir/main.c.obj
 .ARM.attributes
                0x0000000000000076       0x2c CMakeFiles/ultrasonictest.dir/Users/frankenteddy/pico/pico-sdk/src/rp2_common/hardware_gpio/gpio.c.obj
 .ARM.attributes
                0x00000000000000a2       0x2c CMakeFiles/ultrasonictest.dir/Users/frankenteddy/pico/pico-sdk/src/rp2_common/hardware_claim/claim.c.obj
 .ARM.attributes
                0x00000000000000ce       0x2c CMakeFiles/ultrasonictest.dir/Users/frankenteddy/pico/pico-sdk/src/rp2_common/pico_platform/platform.c.obj
 .ARM.attributes
                0x00000000000000fa       0x2c CMakeFiles/ultrasonictest.dir/Users/frankenteddy/pico/pico-sdk/src/rp2_common/hardware_sync/sync.c.obj
 .ARM.attributes
                0x0000000000000126       0x2c CMakeFiles/ultrasonictest.dir/Users/frankenteddy/pico/pico-sdk/src/rp2_common/hardware_irq/irq.c.obj
 .ARM.attributes
                0x0000000000000152       0x22 CMakeFiles/ultrasonictest.dir/Users/frankenteddy/pico/pico-sdk/src/rp2_common/hardware_irq/irq_handler_chain.S.obj
 .ARM.attributes
                0x0000000000000174       0x2c CMakeFiles/ultrasonictest.dir/Users/frankenteddy/pico/pico-sdk/src/common/pico_sync/lock_core.c.obj
 .ARM.attributes
                0x00000000000001a0       0x2c CMakeFiles/ultrasonictest.dir/Users/frankenteddy/pico/pico-sdk/src/common/pico_time/time.c.obj
 .ARM.attributes
                0x00000000000001cc       0x2c CMakeFiles/ultrasonictest.dir/Users/frankenteddy/pico/pico-sdk/src/rp2_common/hardware_timer/timer.c.obj
 .ARM.attributes
                0x00000000000001f8       0x2c CMakeFiles/ultrasonictest.dir/Users/frankenteddy/pico/pico-sdk/src/common/pico_util/pheap.c.obj
 .ARM.attributes
                0x0000000000000224       0x2c CMakeFiles/ultrasonictest.dir/Users/frankenteddy/pico/pico-sdk/src/common/pico_sync/mutex.c.obj
 .ARM.attributes
                0x0000000000000250       0x2c CMakeFiles/ultrasonictest.dir/Users/frankenteddy/pico/pico-sdk/src/common/pico_sync/critical_section.c.obj
 .ARM.attributes
                0x000000000000027c       0x2c CMakeFiles/ultrasonictest.dir/Users/frankenteddy/pico/pico-sdk/src/rp2_common/pico_runtime/runtime.c.obj
 .ARM.attributes
                0x00000000000002a8       0x2c CMakeFiles/ultrasonictest.dir/Users/frankenteddy/pico/pico-sdk/src/rp2_common/hardware_clocks/clocks.c.obj
 .ARM.attributes
                0x00000000000002d4       0x2c CMakeFiles/ultrasonictest.dir/Users/frankenteddy/pico/pico-sdk/src/rp2_common/hardware_pll/pll.c.obj
 .ARM.attributes
                0x0000000000000300       0x2c CMakeFiles/ultrasonictest.dir/Users/frankenteddy/pico/pico-sdk/src/rp2_common/hardware_watchdog/watchdog.c.obj
 .ARM.attributes
                0x000000000000032c       0x2c CMakeFiles/ultrasonictest.dir/Users/frankenteddy/pico/pico-sdk/src/rp2_common/hardware_xosc/xosc.c.obj
 .ARM.attributes
                0x0000000000000358       0x2c CMakeFiles/ultrasonictest.dir/Users/frankenteddy/pico/pico-sdk/src/rp2_common/pico_printf/printf.c.obj
 .ARM.attributes